Gen.z_range ?origin ~min:-10 ~max:-12
(0,-10) 
Gen.z_range ~origin:-20 ~min:-10 ~max:-12
(0,-10) 
Gen.z_range ~origin:-5 ~min:-10 ~max:-12
(0,-10) 
Gen.z_range ~origin:4 ~min:-10 ~max:-12
(0,-10) 
Gen.z_range ~origin:8 ~min:-10 ~max:-12
(0,-10) 
Gen.z_range ~origin:100 ~min:-10 ~max:-12
(0,-10) 
Gen.z_range ?origin ~min:-5 ~max:-12
(0,-5) 
Gen.z_range ~origin:-20 ~min:-5 ~max:-12
(0,-5) 
Gen.z_range ~origin:-5 ~min:-5 ~max:-12
(0,-5) 
Gen.z_range ~origin:4 ~min:-5 ~max:-12
(0,-5) 
Gen.z_range ~origin:8 ~min:-5 ~max:-12
(0,-5) 
Gen.z_range ~origin:100 ~min:-5 ~max:-12
(0,-5) 
Gen.z_range ?origin ~min:-10 ~max:-8
(0,-10) 
Gen.z_range ~origin:-20 ~min:-10 ~max:-8
(0,-8) (1,-20) (1,-19) (1,-18) (1,-16) (2,-17) (1,-12) (2,-15) (2,-14) (2,-13) (1,-9) (2,-11) (2,-10) 
Gen.z_range ~origin:-5 ~min:-10 ~max:-8
(0,-8) (1,-5) (1,-6) (1,-7) 
Gen.z_range ~origin:4 ~min:-10 ~max:-8
(0,-10) (1,4) (1,3) (1,2) (1,0) (2,1) (1,-4) (2,-1) (2,-2) (2,-3) (1,-9) (2,-5) (2,-6) (2,-7) (2,-8) 
Gen.z_range ~origin:8 ~min:-10 ~max:-8
(0,-10) (1,8) (1,7) (1,6) (1,4) (2,5) (1,0) (2,3) (2,2) (2,1) (1,-8) (2,-1) (2,-2) (2,-3) (2,-5) (3,-4) (2,-7) (3,-6) (1,-9) 
Gen.z_range ~origin:100 ~min:-10 ~max:-8
(0,-8) (1,100) (1,99) (1,98) (1,96) (2,97) (1,92) (2,95) (2,94) (2,93) (1,84) (2,91) (2,90) (2,89) (2,87) (3,88) (2,85) (3,86) (1,68) (2,83) (2,82) (2,81) (2,79) (3,80) (2,75) (3,78) (3,77) (3,76) (2,69) (3,74) (3,73) (3,72) (3,70) (4,71) (1,36) (2,67) (2,66) (2,65) (2,63) (3,64) (2,59) (3,62) (3,61) (3,60) (2,51) (3,58) (3,57) (3,56) (3,54) (4,55) (3,52) (4,53) (2,37) (3,50) (3,49) (3,48) (3,46) (4,47) (3,42) (4,45) (4,44) (4,43) (3,38) (4,41) (4,40) (4,39) (1,-7) (2,35) (2,34) (2,33) (2,31) (3,32) (2,27) (3,30) (3,29) (3,28) (2,19) (3,26) (3,25) (3,24) (3,22) (4,23) (3,20) (4,21) (2,3) (3,18) (3,17) (3,16) (3,14) (4,15) (3,10) (4,13) (4,12) (4,11) (3,4) (4,9) (4,8) (4,7) (4,5) (5,6) (2,-6) (3,2) (3,1) (3,0) (3,-2) (4,-1) (3,-5) (4,-3) (4,-4) 
Gen.z_range ?origin ~min:0 ~max:-12
(0,0) 
Gen.z_range ~origin:-20 ~min:0 ~max:-12
(0,0) 
Gen.z_range ~origin:-5 ~min:0 ~max:-12
(0,0) 
Gen.z_range ~origin:4 ~min:0 ~max:-12
(0,0) 
Gen.z_range ~origin:8 ~min:0 ~max:-12
(0,0) 
Gen.z_range ~origin:100 ~min:0 ~max:-12
(0,0) 
Gen.z_range ?origin ~min:-5 ~max:-8
(0,-5) 
Gen.z_range ~origin:-20 ~min:-5 ~max:-8
(0,-5) 
Gen.z_range ~origin:-5 ~min:-5 ~max:-8
(0,-5) 
Gen.z_range ~origin:4 ~min:-5 ~max:-8
(0,-5) 
Gen.z_range ~origin:8 ~min:-5 ~max:-8
(0,-5) 
Gen.z_range ~origin:100 ~min:-5 ~max:-8
(0,-5) 
Gen.z_range ?origin ~min:-10 ~max:0
(0,-1) (1,0) 
Gen.z_range ~origin:-20 ~min:-10 ~max:0
(0,-1) (1,-20) (1,-19) (1,-18) (1,-16) (2,-17) (1,-12) (2,-15) (2,-14) (2,-13) (1,-4) (2,-11) (2,-10) (2,-9) (2,-7) (3,-8) (2,-5) (3,-6) (1,-2) (2,-3) 
Gen.z_range ~origin:-5 ~min:-10 ~max:0
(0,-10) (1,-5) (1,-6) (1,-7) (1,-9) (2,-8) 
Gen.z_range ~origin:4 ~min:-10 ~max:0
(0,-3) (1,4) (1,3) (1,2) (1,0) (2,1) (1,-2) (2,-1) 
Gen.z_range ~origin:8 ~min:-10 ~max:0
(0,-3) (1,8) (1,7) (1,6) (1,4) (2,5) (1,0) (2,3) (2,2) (2,1) (1,-2) (2,-1) 
Gen.z_range ~origin:100 ~min:-10 ~max:0
(0,-8) (1,100) (1,99) (1,98) (1,96) (2,97) (1,92) (2,95) (2,94) (2,93) (1,84) (2,91) (2,90) (2,89) (2,87) (3,88) (2,85) (3,86) (1,68) (2,83) (2,82) (2,81) (2,79) (3,80) (2,75) (3,78) (3,77) (3,76) (2,69) (3,74) (3,73) (3,72) (3,70) (4,71) (1,36) (2,67) (2,66) (2,65) (2,63) (3,64) (2,59) (3,62) (3,61) (3,60) (2,51) (3,58) (3,57) (3,56) (3,54) (4,55) (3,52) (4,53) (2,37) (3,50) (3,49) (3,48) (3,46) (4,47) (3,42) (4,45) (4,44) (4,43) (3,38) (4,41) (4,40) (4,39) (1,-7) (2,35) (2,34) (2,33) (2,31) (3,32) (2,27) (3,30) (3,29) (3,28) (2,19) (3,26) (3,25) (3,24) (3,22) (4,23) (3,20) (4,21) (2,3) (3,18) (3,17) (3,16) (3,14) (4,15) (3,10) (4,13) (4,12) (4,11) (3,4) (4,9) (4,8) (4,7) (4,5) (5,6) (2,-6) (3,2) (3,1) (3,0) (3,-2) (4,-1) (3,-5) (4,-3) (4,-4) 
Gen.z_range ?origin ~min:8 ~max:-12
(0,8) 
Gen.z_range ~origin:-20 ~min:8 ~max:-12
(0,8) 
Gen.z_range ~origin:-5 ~min:8 ~max:-12
(0,8) 
Gen.z_range ~origin:4 ~min:8 ~max:-12
(0,8) 
Gen.z_range ~origin:8 ~min:8 ~max:-12
(0,8) 
Gen.z_range ~origin:100 ~min:8 ~max:-12
(0,8) 
Gen.z_range ?origin ~min:0 ~max:-8
(0,0) 
Gen.z_range ~origin:-20 ~min:0 ~max:-8
(0,0) 
Gen.z_range ~origin:-5 ~min:0 ~max:-8
(0,0) 
Gen.z_range ~origin:4 ~min:0 ~max:-8
(0,0) 
Gen.z_range ~origin:8 ~min:0 ~max:-8
(0,0) 
Gen.z_range ~origin:100 ~min:0 ~max:-8
(0,0) 
Gen.z_range ?origin ~min:-5 ~max:0
(0,-4) (1,0) (1,-1) (1,-2) (1,-3) 
Gen.z_range ~origin:-20 ~min:-5 ~max:0
(0,-2) (1,-20) (1,-19) (1,-18) (1,-16) (2,-17) (1,-12) (2,-15) (2,-14) (2,-13) (1,-4) (2,-11) (2,-10) (2,-9) (2,-7) (3,-8) (2,-5) (3,-6) (1,-3) 
Gen.z_range ~origin:-5 ~min:-5 ~max:0
(0,-4) (1,-5) 
Gen.z_range ~origin:4 ~min:-5 ~max:0
(0,0) (1,4) (1,3) (1,2) (1,1) 
Gen.z_range ~origin:8 ~min:-5 ~max:0
(0,-1) (1,8) (1,7) (1,6) (1,4) (2,5) (1,0) (2,3) (2,2) (2,1) 
Gen.z_range ~origin:100 ~min:-5 ~max:0
(0,0) (1,100) (1,99) (1,98) (1,96) (2,97) (1,92) (2,95) (2,94) (2,93) (1,84) (2,91) (2,90) (2,89) (2,87) (3,88) (2,85) (3,86) (1,68) (2,83) (2,82) (2,81) (2,79) (3,80) (2,75) (3,78) (3,77) (3,76) (2,69) (3,74) (3,73) (3,72) (3,70) (4,71) (1,36) (2,67) (2,66) (2,65) (2,63) (3,64) (2,59) (3,62) (3,61) (3,60) (2,51) (3,58) (3,57) (3,56) (3,54) (4,55) (3,52) (4,53) (2,37) (3,50) (3,49) (3,48) (3,46) (4,47) (3,42) (4,45) (4,44) (4,43) (3,38) (4,41) (4,40) (4,39) (1,1) (2,35) (2,34) (2,33) (2,31) (3,32) (2,27) (3,30) (3,29) (3,28) (2,19) (3,26) (3,25) (3,24) (3,22) (4,23) (3,20) (4,21) (2,3) (3,18) (3,17) (3,16) (3,14) (4,15) (3,10) (4,13) (4,12) (4,11) (3,4) (4,9) (4,8) (4,7) (4,5) (5,6) (2,2) 
Gen.z_range ?origin ~min:-10 ~max:8
(0,8) (1,0) (1,1) (1,2) (1,4) (2,3) (1,7) (2,5) (2,6) 
Gen.z_range ~origin:-20 ~min:-10 ~max:8
(0,-4) (1,-20) (1,-19) (1,-18) (1,-16) (2,-17) (1,-12) (2,-15) (2,-14) (2,-13) (1,-5) (2,-11) (2,-10) (2,-9) (2,-7) (3,-8) (2,-6) 
Gen.z_range ~origin:-5 ~min:-10 ~max:8
(0,4) (1,-5) (1,-4) (1,-3) (1,-1) (2,-2) (1,3) (2,0) (2,1) (2,2) 
Gen.z_range ~origin:4 ~min:-10 ~max:8
(0,-9) (1,4) (1,3) (1,2) (1,0) (2,1) (1,-4) (2,-1) (2,-2) (2,-3) (1,-8) (2,-5) (2,-6) (2,-7) 
Gen.z_range ~origin:8 ~min:-10 ~max:8
(0,-9) (1,8) (1,7) (1,6) (1,4) (2,5) (1,0) (2,3) (2,2) (2,1) (1,-8) (2,-1) (2,-2) (2,-3) (2,-5) (3,-4) (2,-7) (3,-6) 
Gen.z_range ~origin:100 ~min:-10 ~max:8
(0,0) (1,100) (1,99) (1,98) (1,96) (2,97) (1,92) (2,95) (2,94) (2,93) (1,84) (2,91) (2,90) (2,89) (2,87) (3,88) (2,85) (3,86) (1,68) (2,83) (2,82) (2,81) (2,79) (3,80) (2,75) (3,78) (3,77) (3,76) (2,69) (3,74) (3,73) (3,72) (3,70) (4,71) (1,36) (2,67) (2,66) (2,65) (2,63) (3,64) (2,59) (3,62) (3,61) (3,60) (2,51) (3,58) (3,57) (3,56) (3,54) (4,55) (3,52) (4,53) (2,37) (3,50) (3,49) (3,48) (3,46) (4,47) (3,42) (4,45) (4,44) (4,43) (3,38) (4,41) (4,40) (4,39) (1,1) (2,35) (2,34) (2,33) (2,31) (3,32) (2,27) (3,30) (3,29) (3,28) (2,19) (3,26) (3,25) (3,24) (3,22) (4,23) (3,20) (4,21) (2,3) (3,18) (3,17) (3,16) (3,14) (4,15) (3,10) (4,13) (4,12) (4,11) (3,4) (4,9) (4,8) (4,7) (4,5) (5,6) (2,2) 
Gen.z_range ?origin ~min:24 ~max:-12
(0,24) 
Gen.z_range ~origin:-20 ~min:24 ~max:-12
(0,24) 
Gen.z_range ~origin:-5 ~min:24 ~max:-12
(0,24) 
Gen.z_range ~origin:4 ~min:24 ~max:-12
(0,24) 
Gen.z_range ~origin:8 ~min:24 ~max:-12
(0,24) 
Gen.z_range ~origin:100 ~min:24 ~max:-12
(0,24) 
Gen.z_range ?origin ~min:8 ~max:-8
(0,8) 
Gen.z_range ~origin:-20 ~min:8 ~max:-8
(0,8) 
Gen.z_range ~origin:-5 ~min:8 ~max:-8
(0,8) 
Gen.z_range ~origin:4 ~min:8 ~max:-8
(0,8) 
Gen.z_range ~origin:8 ~min:8 ~max:-8
(0,8) 
Gen.z_range ~origin:100 ~min:8 ~max:-8
(0,8) 
Gen.z_range ?origin ~min:0 ~max:0
(0,0) 
Gen.z_range ~origin:-20 ~min:0 ~max:0
(0,0) 
Gen.z_range ~origin:-5 ~min:0 ~max:0
(0,0) 
Gen.z_range ~origin:4 ~min:0 ~max:0
(0,0) 
Gen.z_range ~origin:8 ~min:0 ~max:0
(0,0) 
Gen.z_range ~origin:100 ~min:0 ~max:0
(0,0) 
Gen.z_range ?origin ~min:-5 ~max:8
(0,6) (1,0) (1,1) (1,2) (1,4) (2,3) (1,5) 
Gen.z_range ~origin:-20 ~min:-5 ~max:8
(0,5) (1,-20) (1,-19) (1,-18) (1,-16) (2,-17) (1,-12) (2,-15) (2,-14) (2,-13) (1,-4) (2,-11) (2,-10) (2,-9) (2,-7) (3,-8) (2,-5) (3,-6) (1,4) (2,-3) (2,-2) (2,-1) (2,1) (3,0) (2,3) (3,2) 
Gen.z_range ~origin:-5 ~min:-5 ~max:8
(0,-1) (1,-5) (1,-4) (1,-3) (1,-2) 
Gen.z_range ~origin:4 ~min:-5 ~max:8
(0,-3) (1,4) (1,3) (1,2) (1,0) (2,1) (1,-2) (2,-1) 
Gen.z_range ~origin:8 ~min:-5 ~max:8
(0,-2) (1,8) (1,7) (1,6) (1,4) (2,5) (1,0) (2,3) (2,2) (2,1) (1,-1) 
Gen.z_range ~origin:100 ~min:-5 ~max:8
(0,-2) (1,100) (1,99) (1,98) (1,96) (2,97) (1,92) (2,95) (2,94) (2,93) (1,84) (2,91) (2,90) (2,89) (2,87) (3,88) (2,85) (3,86) (1,68) (2,83) (2,82) (2,81) (2,79) (3,80) (2,75) (3,78) (3,77) (3,76) (2,69) (3,74) (3,73) (3,72) (3,70) (4,71) (1,36) (2,67) (2,66) (2,65) (2,63) (3,64) (2,59) (3,62) (3,61) (3,60) (2,51) (3,58) (3,57) (3,56) (3,54) (4,55) (3,52) (4,53) (2,37) (3,50) (3,49) (3,48) (3,46) (4,47) (3,42) (4,45) (4,44) (4,43) (3,38) (4,41) (4,40) (4,39) (1,-1) (2,35) (2,34) (2,33) (2,31) (3,32) (2,27) (3,30) (3,29) (3,28) (2,19) (3,26) (3,25) (3,24) (3,22) (4,23) (3,20) (4,21) (2,3) (3,18) (3,17) (3,16) (3,14) (4,15) (3,10) (4,13) (4,12) (4,11) (3,4) (4,9) (4,8) (4,7) (4,5) (5,6) (2,0) (3,2) (3,1) 
Gen.z_range ?origin ~min:-10 ~max:32
(0,-1) (1,0) 
Gen.z_range ~origin:-20 ~min:-10 ~max:32
(0,24) (1,-20) (1,-19) (1,-18) (1,-16) (2,-17) (1,-12) (2,-15) (2,-14) (2,-13) (1,-4) (2,-11) (2,-10) (2,-9) (2,-7) (3,-8) (2,-5) (3,-6) (1,12) (2,-3) (2,-2) (2,-1) (2,1) (3,0) (2,5) (3,2) (3,3) (3,4) (2,11) (3,6) (3,7) (3,8) (3,10) (4,9) (1,23) (2,13) (2,14) (2,15) (2,17) (3,16) (2,21) (3,18) (3,19) (3,20) (2,22) 
Gen.z_range ~origin:-5 ~min:-10 ~max:32
(0,18) (1,-5) (1,-4) (1,-3) (1,-1) (2,-2) (1,3) (2,0) (2,1) (2,2) (1,11) (2,4) (2,5) (2,6) (2,8) (3,7) (2,10) (3,9) (1,17) (2,12) (2,13) (2,14) (2,16) (3,15) 
Gen.z_range ~origin:4 ~min:-10 ~max:32
(0,12) (1,4) (1,5) (1,6) (1,8) (2,7) (1,11) (2,9) (2,10) 
Gen.z_range ~origin:8 ~min:-10 ~max:32
(0,32) (1,8) (1,9) (1,10) (1,12) (2,11) (1,16) (2,13) (2,14) (2,15) (1,24) (2,17) (2,18) (2,19) (2,21) (3,20) (2,23) (3,22) (1,31) (2,25) (2,26) (2,27) (2,29) (3,28) (2,30) 
Gen.z_range ~origin:100 ~min:-10 ~max:32
(0,12) (1,100) (1,99) (1,98) (1,96) (2,97) (1,92) (2,95) (2,94) (2,93) (1,84) (2,91) (2,90) (2,89) (2,87) (3,88) (2,85) (3,86) (1,68) (2,83) (2,82) (2,81) (2,79) (3,80) (2,75) (3,78) (3,77) (3,76) (2,69) (3,74) (3,73) (3,72) (3,70) (4,71) (1,36) (2,67) (2,66) (2,65) (2,63) (3,64) (2,59) (3,62) (3,61) (3,60) (2,51) (3,58) (3,57) (3,56) (3,54) (4,55) (3,52) (4,53) (2,37) (3,50) (3,49) (3,48) (3,46) (4,47) (3,42) (4,45) (4,44) (4,43) (3,38) (4,41) (4,40) (4,39) (1,13) (2,35) (2,34) (2,33) (2,31) (3,32) (2,27) (3,30) (3,29) (3,28) (2,19) (3,26) (3,25) (3,24) (3,22) (4,23) (3,20) (4,21) (2,14) (3,18) (3,17) (3,16) (3,15) 
Gen.z_range ?origin ~min:50 ~max:-12
(0,50) 
Gen.z_range ~origin:-20 ~min:50 ~max:-12
(0,50) 
Gen.z_range ~origin:-5 ~min:50 ~max:-12
(0,50) 
Gen.z_range ~origin:4 ~min:50 ~max:-12
(0,50) 
Gen.z_range ~origin:8 ~min:50 ~max:-12
(0,50) 
Gen.z_range ~origin:100 ~min:50 ~max:-12
(0,50) 
Gen.z_range ?origin ~min:24 ~max:-8
(0,24) 
Gen.z_range ~origin:-20 ~min:24 ~max:-8
(0,24) 
Gen.z_range ~origin:-5 ~min:24 ~max:-8
(0,24) 
Gen.z_range ~origin:4 ~min:24 ~max:-8
(0,24) 
Gen.z_range ~origin:8 ~min:24 ~max:-8
(0,24) 
Gen.z_range ~origin:100 ~min:24 ~max:-8
(0,24) 
Gen.z_range ?origin ~min:8 ~max:0
(0,8) 
Gen.z_range ~origin:-20 ~min:8 ~max:0
(0,8) 
Gen.z_range ~origin:-5 ~min:8 ~max:0
(0,8) 
Gen.z_range ~origin:4 ~min:8 ~max:0
(0,8) 
Gen.z_range ~origin:8 ~min:8 ~max:0
(0,8) 
Gen.z_range ~origin:100 ~min:8 ~max:0
(0,8) 
Gen.z_range ?origin ~min:0 ~max:8
(0,0) 
Gen.z_range ~origin:-20 ~min:0 ~max:8
(0,7) (1,-20) (1,-19) (1,-18) (1,-16) (2,-17) (1,-12) (2,-15) (2,-14) (2,-13) (1,-4) (2,-11) (2,-10) (2,-9) (2,-7) (3,-8) (2,-5) (3,-6) (1,6) (2,-3) (2,-2) (2,-1) (2,1) (3,0) (2,5) (3,2) (3,3) (3,4) 
Gen.z_range ~origin:-5 ~min:0 ~max:8
(0,3) (1,-5) (1,-4) (1,-3) (1,-1) (2,-2) (1,2) (2,0) (2,1) 
Gen.z_range ~origin:4 ~min:0 ~max:8
(0,0) (1,4) (1,3) (1,2) (1,1) 
Gen.z_range ~origin:8 ~min:0 ~max:8
(0,1) (1,8) (1,7) (1,6) (1,4) (2,5) (1,2) (2,3) 
Gen.z_range ~origin:100 ~min:0 ~max:8
(0,3) (1,100) (1,99) (1,98) (1,96) (2,97) (1,92) (2,95) (2,94) (2,93) (1,84) (2,91) (2,90) (2,89) (2,87) (3,88) (2,85) (3,86) (1,68) (2,83) (2,82) (2,81) (2,79) (3,80) (2,75) (3,78) (3,77) (3,76) (2,69) (3,74) (3,73) (3,72) (3,70) (4,71) (1,36) (2,67) (2,66) (2,65) (2,63) (3,64) (2,59) (3,62) (3,61) (3,60) (2,51) (3,58) (3,57) (3,56) (3,54) (4,55) (3,52) (4,53) (2,37) (3,50) (3,49) (3,48) (3,46) (4,47) (3,42) (4,45) (4,44) (4,43) (3,38) (4,41) (4,40) (4,39) (1,4) (2,35) (2,34) (2,33) (2,31) (3,32) (2,27) (3,30) (3,29) (3,28) (2,19) (3,26) (3,25) (3,24) (3,22) (4,23) (3,20) (4,21) (2,5) (3,18) (3,17) (3,16) (3,14) (4,15) (3,10) (4,13) (4,12) (4,11) (3,6) (4,9) (4,8) (4,7) 
Gen.z_range ?origin ~min:-5 ~max:32
(0,9) (1,0) (1,1) (1,2) (1,4) (2,3) (1,8) (2,5) (2,6) (2,7) 
Gen.z_range ~origin:-20 ~min:-5 ~max:32
(0,-5) (1,-20) (1,-19) (1,-18) (1,-16) (2,-17) (1,-12) (2,-15) (2,-14) (2,-13) (1,-6) (2,-11) (2,-10) (2,-9) (2,-7) (3,-8) 
Gen.z_range ~origin:-5 ~min:-5 ~max:32
(0,31) (1,-5) (1,-4) (1,-3) (1,-1) (2,-2) (1,3) (2,0) (2,1) (2,2) (1,11) (2,4) (2,5) (2,6) (2,8) (3,7) (2,10) (3,9) (1,27) (2,12) (2,13) (2,14) (2,16) (3,15) (2,20) (3,17) (3,18) (3,19) (2,26) (3,21) (3,22) (3,23) (3,25) (4,24) (1,30) (2,28) (2,29) 
Gen.z_range ~origin:4 ~min:-5 ~max:32
(0,16) (1,4) (1,5) (1,6) (1,8) (2,7) (1,12) (2,9) (2,10) (2,11) (1,15) (2,13) (2,14) 
Gen.z_range ~origin:8 ~min:-5 ~max:32
(0,-3) (1,8) (1,7) (1,6) (1,4) (2,5) (1,0) (2,3) (2,2) (2,1) (1,-2) (2,-1) 
Gen.z_range ~origin:100 ~min:-5 ~max:32
(0,16) (1,100) (1,99) (1,98) (1,96) (2,97) (1,92) (2,95) (2,94) (2,93) (1,84) (2,91) (2,90) (2,89) (2,87) (3,88) (2,85) (3,86) (1,68) (2,83) (2,82) (2,81) (2,79) (3,80) (2,75) (3,78) (3,77) (3,76) (2,69) (3,74) (3,73) (3,72) (3,70) (4,71) (1,36) (2,67) (2,66) (2,65) (2,63) (3,64) (2,59) (3,62) (3,61) (3,60) (2,51) (3,58) (3,57) (3,56) (3,54) (4,55) (3,52) (4,53) (2,37) (3,50) (3,49) (3,48) (3,46) (4,47) (3,42) (4,45) (4,44) (4,43) (3,38) (4,41) (4,40) (4,39) (1,17) (2,35) (2,34) (2,33) (2,31) (3,32) (2,27) (3,30) (3,29) (3,28) (2,19) (3,26) (3,25) (3,24) (3,22) (4,23) (3,20) (4,21) (2,18) 
Gen.z_range ?origin ~min:50 ~max:-8
(0,50) 
Gen.z_range ~origin:-20 ~min:50 ~max:-8
(0,50) 
Gen.z_range ~origin:-5 ~min:50 ~max:-8
(0,50) 
Gen.z_range ~origin:4 ~min:50 ~max:-8
(0,50) 
Gen.z_range ~origin:8 ~min:50 ~max:-8
(0,50) 
Gen.z_range ~origin:100 ~min:50 ~max:-8
(0,50) 
Gen.z_range ?origin ~min:24 ~max:0
(0,24) 
Gen.z_range ~origin:-20 ~min:24 ~max:0
(0,24) 
Gen.z_range ~origin:-5 ~min:24 ~max:0
(0,24) 
Gen.z_range ~origin:4 ~min:24 ~max:0
(0,24) 
Gen.z_range ~origin:8 ~min:24 ~max:0
(0,24) 
Gen.z_range ~origin:100 ~min:24 ~max:0
(0,24) 
Gen.z_range ?origin ~min:8 ~max:8
(0,8) 
Gen.z_range ~origin:-20 ~min:8 ~max:8
(0,8) 
Gen.z_range ~origin:-5 ~min:8 ~max:8
(0,8) 
Gen.z_range ~origin:4 ~min:8 ~max:8
(0,8) 
Gen.z_range ~origin:8 ~min:8 ~max:8
(0,8) 
Gen.z_range ~origin:100 ~min:8 ~max:8
(0,8) 
Gen.z_range ?origin ~min:0 ~max:32
(0,7) (1,0) (1,1) (1,2) (1,4) (2,3) (1,6) (2,5) 
Gen.z_range ~origin:-20 ~min:0 ~max:32
(0,32) (1,-20) (1,-19) (1,-18) (1,-16) (2,-17) (1,-12) (2,-15) (2,-14) (2,-13) (1,-4) (2,-11) (2,-10) (2,-9) (2,-7) (3,-8) (2,-5) (3,-6) (1,12) (2,-3) (2,-2) (2,-1) (2,1) (3,0) (2,5) (3,2) (3,3) (3,4) (2,11) (3,6) (3,7) (3,8) (3,10) (4,9) (1,31) (2,13) (2,14) (2,15) (2,17) (3,16) (2,21) (3,18) (3,19) (3,20) (2,29) (3,22) (3,23) (3,24) (3,26) (4,25) (3,28) (4,27) (2,30) 
Gen.z_range ~origin:-5 ~min:0 ~max:32
(0,2) (1,-5) (1,-4) (1,-3) (1,-1) (2,-2) (1,1) (2,0) 
Gen.z_range ~origin:4 ~min:0 ~max:32
(0,15) (1,4) (1,5) (1,6) (1,8) (2,7) (1,12) (2,9) (2,10) (2,11) (1,14) (2,13) 
Gen.z_range ~origin:8 ~min:0 ~max:32
(0,27) (1,8) (1,9) (1,10) (1,12) (2,11) (1,16) (2,13) (2,14) (2,15) (1,24) (2,17) (2,18) (2,19) (2,21) (3,20) (2,23) (3,22) (1,26) (2,25) 
Gen.z_range ~origin:100 ~min:0 ~max:32
(0,3) (1,100) (1,99) (1,98) (1,96) (2,97) (1,92) (2,95) (2,94) (2,93) (1,84) (2,91) (2,90) (2,89) (2,87) (3,88) (2,85) (3,86) (1,68) (2,83) (2,82) (2,81) (2,79) (3,80) (2,75) (3,78) (3,77) (3,76) (2,69) (3,74) (3,73) (3,72) (3,70) (4,71) (1,36) (2,67) (2,66) (2,65) (2,63) (3,64) (2,59) (3,62) (3,61) (3,60) (2,51) (3,58) (3,57) (3,56) (3,54) (4,55) (3,52) (4,53) (2,37) (3,50) (3,49) (3,48) (3,46) (4,47) (3,42) (4,45) (4,44) (4,43) (3,38) (4,41) (4,40) (4,39) (1,4) (2,35) (2,34) (2,33) (2,31) (3,32) (2,27) (3,30) (3,29) (3,28) (2,19) (3,26) (3,25) (3,24) (3,22) (4,23) (3,20) (4,21) (2,5) (3,18) (3,17) (3,16) (3,14) (4,15) (3,10) (4,13) (4,12) (4,11) (3,6) (4,9) (4,8) (4,7) 
Gen.z_range ?origin ~min:50 ~max:0
(0,50) 
Gen.z_range ~origin:-20 ~min:50 ~max:0
(0,50) 
Gen.z_range ~origin:-5 ~min:50 ~max:0
(0,50) 
Gen.z_range ~origin:4 ~min:50 ~max:0
(0,50) 
Gen.z_range ~origin:8 ~min:50 ~max:0
(0,50) 
Gen.z_range ~origin:100 ~min:50 ~max:0
(0,50) 
Gen.z_range ?origin ~min:24 ~max:8
(0,24) 
Gen.z_range ~origin:-20 ~min:24 ~max:8
(0,24) 
Gen.z_range ~origin:-5 ~min:24 ~max:8
(0,24) 
Gen.z_range ~origin:4 ~min:24 ~max:8
(0,24) 
Gen.z_range ~origin:8 ~min:24 ~max:8
(0,24) 
Gen.z_range ~origin:100 ~min:24 ~max:8
(0,24) 
Gen.z_range ?origin ~min:8 ~max:32
(0,31) (1,8) (1,9) (1,10) (1,12) (2,11) (1,16) (2,13) (2,14) (2,15) (1,24) (2,17) (2,18) (2,19) (2,21) (3,20) (2,23) (3,22) (1,30) (2,25) (2,26) (2,27) (2,29) (3,28) 
Gen.z_range ~origin:-20 ~min:8 ~max:32
(0,27) (1,-20) (1,-19) (1,-18) (1,-16) (2,-17) (1,-12) (2,-15) (2,-14) (2,-13) (1,-4) (2,-11) (2,-10) (2,-9) (2,-7) (3,-8) (2,-5) (3,-6) (1,12) (2,-3) (2,-2) (2,-1) (2,1) (3,0) (2,5) (3,2) (3,3) (3,4) (2,11) (3,6) (3,7) (3,8) (3,10) (4,9) (1,26) (2,13) (2,14) (2,15) (2,17) (3,16) (2,21) (3,18) (3,19) (3,20) (2,25) (3,22) (3,23) (3,24) 
Gen.z_range ~origin:-5 ~min:8 ~max:32
(0,14) (1,-5) (1,-4) (1,-3) (1,-1) (2,-2) (1,3) (2,0) (2,1) (2,2) (1,11) (2,4) (2,5) (2,6) (2,8) (3,7) (2,10) (3,9) (1,13) (2,12) 
Gen.z_range ~origin:4 ~min:8 ~max:32
(0,18) (1,4) (1,5) (1,6) (1,8) (2,7) (1,12) (2,9) (2,10) (2,11) (1,17) (2,13) (2,14) (2,15) (2,16) 
Gen.z_range ~origin:8 ~min:8 ~max:32
(0,8) 
Gen.z_range ~origin:100 ~min:8 ~max:32
(0,16) (1,100) (1,99) (1,98) (1,96) (2,97) (1,92) (2,95) (2,94) (2,93) (1,84) (2,91) (2,90) (2,89) (2,87) (3,88) (2,85) (3,86) (1,68) (2,83) (2,82) (2,81) (2,79) (3,80) (2,75) (3,78) (3,77) (3,76) (2,69) (3,74) (3,73) (3,72) (3,70) (4,71) (1,36) (2,67) (2,66) (2,65) (2,63) (3,64) (2,59) (3,62) (3,61) (3,60) (2,51) (3,58) (3,57) (3,56) (3,54) (4,55) (3,52) (4,53) (2,37) (3,50) (3,49) (3,48) (3,46) (4,47) (3,42) (4,45) (4,44) (4,43) (3,38) (4,41) (4,40) (4,39) (1,17) (2,35) (2,34) (2,33) (2,31) (3,32) (2,27) (3,30) (3,29) (3,28) (2,19) (3,26) (3,25) (3,24) (3,22) (4,23) (3,20) (4,21) (2,18) 
Gen.z_range ?origin ~min:50 ~max:8
(0,50) 
Gen.z_range ~origin:-20 ~min:50 ~max:8
(0,50) 
Gen.z_range ~origin:-5 ~min:50 ~max:8
(0,50) 
Gen.z_range ~origin:4 ~min:50 ~max:8
(0,50) 
Gen.z_range ~origin:8 ~min:50 ~max:8
(0,50) 
Gen.z_range ~origin:100 ~min:50 ~max:8
(0,50) 
Gen.z_range ?origin ~min:24 ~max:32
(0,31) (1,24) (1,25) (1,26) (1,28) (2,27) (1,30) (2,29) 
Gen.z_range ~origin:-20 ~min:24 ~max:32
(0,24) (1,-20) (1,-19) (1,-18) (1,-16) (2,-17) (1,-12) (2,-15) (2,-14) (2,-13) (1,-4) (2,-11) (2,-10) (2,-9) (2,-7) (3,-8) (2,-5) (3,-6) (1,12) (2,-3) (2,-2) (2,-1) (2,1) (3,0) (2,5) (3,2) (3,3) (3,4) (2,11) (3,6) (3,7) (3,8) (3,10) (4,9) (1,23) (2,13) (2,14) (2,15) (2,17) (3,16) (2,21) (3,18) (3,19) (3,20) (2,22) 
Gen.z_range ~origin:-5 ~min:24 ~max:32
(0,26) (1,-5) (1,-4) (1,-3) (1,-1) (2,-2) (1,3) (2,0) (2,1) (2,2) (1,11) (2,4) (2,5) (2,6) (2,8) (3,7) (2,10) (3,9) (1,25) (2,12) (2,13) (2,14) (2,16) (3,15) (2,20) (3,17) (3,18) (3,19) (2,24) (3,21) (3,22) (3,23) 
Gen.z_range ~origin:4 ~min:24 ~max:32
(0,26) (1,4) (1,5) (1,6) (1,8) (2,7) (1,12) (2,9) (2,10) (2,11) (1,20) (2,13) (2,14) (2,15) (2,17) (3,16) (2,19) (3,18) (1,25) (2,21) (2,22) (2,23) (2,24) 
Gen.z_range ~origin:8 ~min:24 ~max:32
(0,30) (1,8) (1,9) (1,10) (1,12) (2,11) (1,16) (2,13) (2,14) (2,15) (1,24) (2,17) (2,18) (2,19) (2,21) (3,20) (2,23) (3,22) (1,29) (2,25) (2,26) (2,27) (2,28) 
Gen.z_range ~origin:100 ~min:24 ~max:32
(0,28) (1,100) (1,99) (1,98) (1,96) (2,97) (1,92) (2,95) (2,94) (2,93) (1,84) (2,91) (2,90) (2,89) (2,87) (3,88) (2,85) (3,86) (1,68) (2,83) (2,82) (2,81) (2,79) (3,80) (2,75) (3,78) (3,77) (3,76) (2,69) (3,74) (3,73) (3,72) (3,70) (4,71) (1,36) (2,67) (2,66) (2,65) (2,63) (3,64) (2,59) (3,62) (3,61) (3,60) (2,51) (3,58) (3,57) (3,56) (3,54) (4,55) (3,52) (4,53) (2,37) (3,50) (3,49) (3,48) (3,46) (4,47) (3,42) (4,45) (4,44) (4,43) (3,38) (4,41) (4,40) (4,39) (1,29) (2,35) (2,34) (2,33) (2,31) (3,32) (2,30) 
Gen.z_range ?origin ~min:50 ~max:32
(0,50) 
Gen.z_range ~origin:-20 ~min:50 ~max:32
(0,50) 
Gen.z_range ~origin:-5 ~min:50 ~max:32
(0,50) 
Gen.z_range ~origin:4 ~min:50 ~max:32
(0,50) 
Gen.z_range ~origin:8 ~min:50 ~max:32
(0,50) 
Gen.z_range ~origin:100 ~min:50 ~max:32
(0,50) 
