Tree.binary_search ~initial:0
(0,0) 
Wtih crunch 1
(0,0) 
Wtih crunch 2
(0,0) 
Wtih crunch 5
(0,0) 
Tree.binary_search ~initial:1
(0,1) (1,0) 
Wtih crunch 1
(0,1) (1,0) 
Wtih crunch 2
(0,1) (1,0) 
Wtih crunch 5
(0,1) (1,0) 
Tree.binary_search ~initial:3
(0,3) (1,0) (1,1) (1,2) 
Wtih crunch 1
(0,3) (1,0) (1,1) (1,2) 
Wtih crunch 2
(0,3) (1,0) (1,1) (1,2) 
Wtih crunch 5
(0,3) (1,0) (1,1) (1,2) 
Tree.binary_search ~initial:15
(0,15) (1,0) (1,1) (1,2) (1,4) (2,3) (1,8) (2,5) (2,6) (2,7) (1,14) (2,9) (2,10) (2,11) (2,13) (3,12) 
Wtih crunch 1
(0,15) (1,0) (1,1) (1,2) (1,3) (1,4) (1,5) (1,6) (1,7) (1,8) (1,9) (1,10) (1,11) (1,13) (2,12) (1,14) 
Wtih crunch 2
(0,15) (1,0) (1,1) (1,2) (1,3) (1,4) (1,5) (1,6) (1,7) (1,8) (1,9) (1,10) (1,11) (1,12) (1,13) (1,14) 
Wtih crunch 5
(0,15) (1,0) (1,1) (1,2) (1,3) (1,4) (1,5) (1,6) (1,7) (1,8) (1,9) (1,10) (1,11) (1,12) (1,13) (1,14) 
Tree.binary_search ~initial:16
(0,16) (1,0) (1,1) (1,2) (1,4) (2,3) (1,8) (2,5) (2,6) (2,7) (1,15) (2,9) (2,10) (2,11) (2,13) (3,12) (2,14) 
Wtih crunch 1
(0,16) (1,0) (1,1) (1,2) (1,3) (1,4) (1,5) (1,6) (1,7) (1,8) (1,9) (1,10) (1,11) (1,13) (2,12) (1,14) (1,15) 
Wtih crunch 2
(0,16) (1,0) (1,1) (1,2) (1,3) (1,4) (1,5) (1,6) (1,7) (1,8) (1,9) (1,10) (1,11) (1,12) (1,13) (1,14) (1,15) 
Wtih crunch 5
(0,16) (1,0) (1,1) (1,2) (1,3) (1,4) (1,5) (1,6) (1,7) (1,8) (1,9) (1,10) (1,11) (1,12) (1,13) (1,14) (1,15) 
Tree.binary_search ~initial:42
(0,42) (1,0) (1,1) (1,2) (1,4) (2,3) (1,8) (2,5) (2,6) (2,7) (1,16) (2,9) (2,10) (2,11) (2,13) (3,12) (2,15) (3,14) (1,32) (2,17) (2,18) (2,19) (2,21) (3,20) (2,25) (3,22) (3,23) (3,24) (2,31) (3,26) (3,27) (3,28) (3,30) (4,29) (1,41) (2,33) (2,34) (2,35) (2,37) (3,36) (2,40) (3,38) (3,39) 
Wtih crunch 1
(0,42) (1,0) (1,1) (1,2) (1,3) (1,4) (1,5) (1,6) (1,7) (1,8) (1,9) (1,10) (1,11) (1,13) (2,12) (1,15) (2,14) (1,16) (1,17) (1,18) (1,19) (1,21) (2,20) (1,25) (2,22) (2,23) (2,24) (1,31) (2,26) (2,27) (2,28) (2,30) (3,29) (1,32) (1,33) (1,34) (1,35) (1,37) (2,36) (1,40) (2,38) (2,39) (1,41) 
Wtih crunch 2
(0,42) (1,0) (1,1) (1,2) (1,3) (1,4) (1,5) (1,6) (1,7) (1,8) (1,9) (1,10) (1,11) (1,12) (1,13) (1,14) (1,15) (1,16) (1,17) (1,18) (1,19) (1,20) (1,21) (1,22) (1,23) (1,24) (1,25) (1,26) (1,27) (1,28) (1,30) (2,29) (1,31) (1,32) (1,33) (1,34) (1,35) (1,36) (1,37) (1,38) (1,39) (1,40) (1,41) 
Wtih crunch 5
(0,42) (1,0) (1,1) (1,2) (1,3) (1,4) (1,5) (1,6) (1,7) (1,8) (1,9) (1,10) (1,11) (1,12) (1,13) (1,14) (1,15) (1,16) (1,17) (1,18) (1,19) (1,20) (1,21) (1,22) (1,23) (1,24) (1,25) (1,26) (1,27) (1,28) (1,29) (1,30) (1,31) (1,32) (1,33) (1,34) (1,35) (1,36) (1,37) (1,38) (1,39) (1,40) (1,41) 
Tree.binary_search ~initial:100
(0,100) (1,0) (1,1) (1,2) (1,4) (2,3) (1,8) (2,5) (2,6) (2,7) (1,16) (2,9) (2,10) (2,11) (2,13) (3,12) (2,15) (3,14) (1,32) (2,17) (2,18) (2,19) (2,21) (3,20) (2,25) (3,22) (3,23) (3,24) (2,31) (3,26) (3,27) (3,28) (3,30) (4,29) (1,64) (2,33) (2,34) (2,35) (2,37) (3,36) (2,41) (3,38) (3,39) (3,40) (2,49) (3,42) (3,43) (3,44) (3,46) (4,45) (3,48) (4,47) (2,63) (3,50) (3,51) (3,52) (3,54) (4,53) (3,58) (4,55) (4,56) (4,57) (3,62) (4,59) (4,60) (4,61) (1,99) (2,65) (2,66) (2,67) (2,69) (3,68) (2,73) (3,70) (3,71) (3,72) (2,81) (3,74) (3,75) (3,76) (3,78) (4,77) (3,80) (4,79) (2,97) (3,82) (3,83) (3,84) (3,86) (4,85) (3,90) (4,87) (4,88) (4,89) (3,96) (4,91) (4,92) (4,93) (4,95) (5,94) (2,98) 
Wtih crunch 1
(0,100) (1,0) (1,1) (1,2) (1,3) (1,4) (1,5) (1,6) (1,7) (1,8) (1,9) (1,10) (1,11) (1,13) (2,12) (1,15) (2,14) (1,16) (1,17) (1,18) (1,19) (1,21) (2,20) (1,25) (2,22) (2,23) (2,24) (1,31) (2,26) (2,27) (2,28) (2,30) (3,29) (1,32) (1,33) (1,34) (1,35) (1,37) (2,36) (1,41) (2,38) (2,39) (2,40) (1,49) (2,42) (2,43) (2,44) (2,46) (3,45) (2,48) (3,47) (1,63) (2,50) (2,51) (2,52) (2,54) (3,53) (2,58) (3,55) (3,56) (3,57) (2,62) (3,59) (3,60) (3,61) (1,64) (1,65) (1,66) (1,67) (1,69) (2,68) (1,73) (2,70) (2,71) (2,72) (1,81) (2,74) (2,75) (2,76) (2,78) (3,77) (2,80) (3,79) (1,97) (2,82) (2,83) (2,84) (2,86) (3,85) (2,90) (3,87) (3,88) (3,89) (2,96) (3,91) (3,92) (3,93) (3,95) (4,94) (1,98) (1,99) 
Wtih crunch 2
(0,100) (1,0) (1,1) (1,2) (1,3) (1,4) (1,5) (1,6) (1,7) (1,8) (1,9) (1,10) (1,11) (1,12) (1,13) (1,14) (1,15) (1,16) (1,17) (1,18) (1,19) (1,20) (1,21) (1,22) (1,23) (1,24) (1,25) (1,26) (1,27) (1,28) (1,30) (2,29) (1,31) (1,32) (1,33) (1,34) (1,35) (1,36) (1,37) (1,38) (1,39) (1,40) (1,41) (1,42) (1,43) (1,44) (1,46) (2,45) (1,48) (2,47) (1,49) (1,50) (1,51) (1,52) (1,54) (2,53) (1,58) (2,55) (2,56) (2,57) (1,62) (2,59) (2,60) (2,61) (1,63) (1,64) (1,65) (1,66) (1,67) (1,68) (1,69) (1,70) (1,71) (1,72) (1,73) (1,74) (1,75) (1,76) (1,78) (2,77) (1,80) (2,79) (1,81) (1,82) (1,83) (1,84) (1,86) (2,85) (1,90) (2,87) (2,88) (2,89) (1,96) (2,91) (2,92) (2,93) (2,95) (3,94) (1,97) (1,98) (1,99) 
Wtih crunch 5
(0,100) (1,0) (1,1) (1,2) (1,3) (1,4) (1,5) (1,6) (1,7) (1,8) (1,9) (1,10) (1,11) (1,12) (1,13) (1,14) (1,15) (1,16) (1,17) (1,18) (1,19) (1,20) (1,21) (1,22) (1,23) (1,24) (1,25) (1,26) (1,27) (1,28) (1,29) (1,30) (1,31) (1,32) (1,33) (1,34) (1,35) (1,36) (1,37) (1,38) (1,39) (1,40) (1,41) (1,42) (1,43) (1,44) (1,45) (1,46) (1,47) (1,48) (1,49) (1,50) (1,51) (1,52) (1,53) (1,54) (1,55) (1,56) (1,57) (1,58) (1,59) (1,60) (1,61) (1,62) (1,63) (1,64) (1,65) (1,66) (1,67) (1,68) (1,69) (1,70) (1,71) (1,72) (1,73) (1,74) (1,75) (1,76) (1,77) (1,78) (1,79) (1,80) (1,81) (1,82) (1,83) (1,84) (1,85) (1,86) (1,87) (1,88) (1,89) (1,90) (1,91) (1,92) (1,93) (1,94) (1,95) (1,96) (1,97) (1,98) (1,99) 
Tree.binary_search ~initial:512
(0,512) (1,0) (1,1) (1,2) (1,4) (2,3) (1,8) (2,5) (2,6) (2,7) (1,16) (2,9) (2,10) (2,11) (2,13) (3,12) (2,15) (3,14) (1,32) (2,17) (2,18) (2,19) (2,21) (3,20) (2,25) (3,22) (3,23) (3,24) (2,31) (3,26) (3,27) (3,28) (3,30) (4,29) (1,64) (2,33) (2,34) (2,35) (2,37) (3,36) (2,41) (3,38) (3,39) (3,40) (2,49) (3,42) (3,43) (3,44) (3,46) (4,45) (3,48) (4,47) (2,63) (3,50) (3,51) (3,52) (3,54) (4,53) (3,58) (4,55) (4,56) (4,57) (3,62) (4,59) (4,60) (4,61) (1,128) (2,65) (2,66) (2,67) (2,69) (3,68) (2,73) (3,70) (3,71) (3,72) (2,81) (3,74) (3,75) (3,76) (3,78) (4,77) (3,80) (4,79) (2,97) (3,82) (3,83) (3,84) (3,86) (4,85) (3,90) (4,87) (4,88) (4,89) (3,96) (4,91) (4,92) (4,93) (4,95) (5,94) (2,127) (3,98) (3,99) (3,100) (3,102) (4,101) (3,106) (4,103) (4,104) (4,105) (3,114) (4,107) (4,108) (4,109) (4,111) (5,110) (4,113) (5,112) (3,126) (4,115) (4,116) (4,117) (4,119) (5,118) (4,123) (5,120) (5,121) (5,122) (4,125) (5,124) (1,256) (2,129) (2,130) (2,131) (2,133) (3,132) (2,137) (3,134) (3,135) (3,136) (2,145) (3,138) (3,139) (3,140) (3,142) (4,141) (3,144) (4,143) (2,161) (3,146) (3,147) (3,148) (3,150) (4,149) (3,154) (4,151) (4,152) (4,153) (3,160) (4,155) (4,156) (4,157) (4,159) (5,158) (2,193) (3,162) (3,163) (3,164) (3,166) (4,165) (3,170) (4,167) (4,168) (4,169) (3,178) (4,171) (4,172) (4,173) (4,175) (5,174) (4,177) (5,176) (3,192) (4,179) (4,180) (4,181) (4,183) (5,182) (4,187) (5,184) (5,185) (5,186) (4,191) (5,188) (5,189) (5,190) (2,255) (3,194) (3,195) (3,196) (3,198) (4,197) (3,202) (4,199) (4,200) (4,201) (3,210) (4,203) (4,204) (4,205) (4,207) (5,206) (4,209) (5,208) (3,226) (4,211) (4,212) (4,213) (4,215) (5,214) (4,219) (5,216) (5,217) (5,218) (4,225) (5,220) (5,221) (5,222) (5,224) (6,223) (3,254) (4,227) (4,228) (4,229) (4,231) (5,230) (4,235) (5,232) (5,233) (5,234) (4,243) (5,236) (5,237) (5,238) (5,240) (6,239) (5,242) (6,241) (4,253) (5,244) (5,245) (5,246) (5,248) (6,247) (5,252) (6,249) (6,250) (6,251) (1,511) (2,257) (2,258) (2,259) (2,261) (3,260) (2,265) (3,262) (3,263) (3,264) (2,273) (3,266) (3,267) (3,268) (3,270) (4,269) (3,272) (4,271) (2,289) (3,274) (3,275) (3,276) (3,278) (4,277) (3,282) (4,279) (4,280) (4,281) (3,288) (4,283) (4,284) (4,285) (4,287) (5,286) (2,321) (3,290) (3,291) (3,292) (3,294) (4,293) (3,298) (4,295) (4,296) (4,297) (3,306) (4,299) (4,300) (4,301) (4,303) (5,302) (4,305) (5,304) (3,320) (4,307) (4,308) (4,309) (4,311) (5,310) (4,315) (5,312) (5,313) (5,314) (4,319) (5,316) (5,317) (5,318) (2,385) (3,322) (3,323) (3,324) (3,326) (4,325) (3,330) (4,327) (4,328) (4,329) (3,338) (4,331) (4,332) (4,333) (4,335) (5,334) (4,337) (5,336) (3,354) (4,339) (4,340) (4,341) (4,343) (5,342) (4,347) (5,344) (5,345) (5,346) (4,353) (5,348) (5,349) (5,350) (5,352) (6,351) (3,384) (4,355) (4,356) (4,357) (4,359) (5,358) (4,363) (5,360) (5,361) (5,362) (4,371) (5,364) (5,365) (5,366) (5,368) (6,367) (5,370) (6,369) (4,383) (5,372) (5,373) (5,374) (5,376) (6,375) (5,380) (6,377) (6,378) (6,379) (5,382) (6,381) (2,510) (3,386) (3,387) (3,388) (3,390) (4,389) (3,394) (4,391) (4,392) (4,393) (3,402) (4,395) (4,396) (4,397) (4,399) (5,398) (4,401) (5,400) (3,418) (4,403) (4,404) (4,405) (4,407) (5,406) (4,411) (5,408) (5,409) (5,410) (4,417) (5,412) (5,413) (5,414) (5,416) (6,415) (3,450) (4,419) (4,420) (4,421) (4,423) (5,422) (4,427) (5,424) (5,425) (5,426) (4,435) (5,428) (5,429) (5,430) (5,432) (6,431) (5,434) (6,433) (4,449) (5,436) (5,437) (5,438) (5,440) (6,439) (5,444) (6,441) (6,442) (6,443) (5,448) (6,445) (6,446) (6,447) (3,509) (4,451) (4,452) (4,453) (4,455) (5,454) (4,459) (5,456) (5,457) (5,458) (4,467) (5,460) (5,461) (5,462) (5,464) (6,463) (5,466) (6,465) (4,483) (5,468) (5,469) (5,470) (5,472) (6,471) (5,476) (6,473) (6,474) (6,475) (5,482) (6,477) (6,478) (6,479) (6,481) (7,480) (4,508) (5,484) (5,485) (5,486) (5,488) (6,487) (5,492) (6,489) (6,490) (6,491) (5,500) (6,493) (6,494) (6,495) (6,497) (7,496) (6,499) (7,498) (5,507) (6,501) (6,502) (6,503) (6,505) (7,504) (6,506) 
Wtih crunch 1
(0,512) (1,0) (1,1) (1,2) (1,3) (1,4) (1,5) (1,6) (1,7) (1,8) (1,9) (1,10) (1,11) (1,13) (2,12) (1,15) (2,14) (1,16) (1,17) (1,18) (1,19) (1,21) (2,20) (1,25) (2,22) (2,23) (2,24) (1,31) (2,26) (2,27) (2,28) (2,30) (3,29) (1,32) (1,33) (1,34) (1,35) (1,37) (2,36) (1,41) (2,38) (2,39) (2,40) (1,49) (2,42) (2,43) (2,44) (2,46) (3,45) (2,48) (3,47) (1,63) (2,50) (2,51) (2,52) (2,54) (3,53) (2,58) (3,55) (3,56) (3,57) (2,62) (3,59) (3,60) (3,61) (1,64) (1,65) (1,66) (1,67) (1,69) (2,68) (1,73) (2,70) (2,71) (2,72) (1,81) (2,74) (2,75) (2,76) (2,78) (3,77) (2,80) (3,79) (1,97) (2,82) (2,83) (2,84) (2,86) (3,85) (2,90) (3,87) (3,88) (3,89) (2,96) (3,91) (3,92) (3,93) (3,95) (4,94) (1,127) (2,98) (2,99) (2,100) (2,102) (3,101) (2,106) (3,103) (3,104) (3,105) (2,114) (3,107) (3,108) (3,109) (3,111) (4,110) (3,113) (4,112) (2,126) (3,115) (3,116) (3,117) (3,119) (4,118) (3,123) (4,120) (4,121) (4,122) (3,125) (4,124) (1,128) (1,129) (1,130) (1,131) (1,133) (2,132) (1,137) (2,134) (2,135) (2,136) (1,145) (2,138) (2,139) (2,140) (2,142) (3,141) (2,144) (3,143) (1,161) (2,146) (2,147) (2,148) (2,150) (3,149) (2,154) (3,151) (3,152) (3,153) (2,160) (3,155) (3,156) (3,157) (3,159) (4,158) (1,193) (2,162) (2,163) (2,164) (2,166) (3,165) (2,170) (3,167) (3,168) (3,169) (2,178) (3,171) (3,172) (3,173) (3,175) (4,174) (3,177) (4,176) (2,192) (3,179) (3,180) (3,181) (3,183) (4,182) (3,187) (4,184) (4,185) (4,186) (3,191) (4,188) (4,189) (4,190) (1,255) (2,194) (2,195) (2,196) (2,198) (3,197) (2,202) (3,199) (3,200) (3,201) (2,210) (3,203) (3,204) (3,205) (3,207) (4,206) (3,209) (4,208) (2,226) (3,211) (3,212) (3,213) (3,215) (4,214) (3,219) (4,216) (4,217) (4,218) (3,225) (4,220) (4,221) (4,222) (4,224) (5,223) (2,254) (3,227) (3,228) (3,229) (3,231) (4,230) (3,235) (4,232) (4,233) (4,234) (3,243) (4,236) (4,237) (4,238) (4,240) (5,239) (4,242) (5,241) (3,253) (4,244) (4,245) (4,246) (4,248) (5,247) (4,252) (5,249) (5,250) (5,251) (1,256) (1,257) (1,258) (1,259) (1,261) (2,260) (1,265) (2,262) (2,263) (2,264) (1,273) (2,266) (2,267) (2,268) (2,270) (3,269) (2,272) (3,271) (1,289) (2,274) (2,275) (2,276) (2,278) (3,277) (2,282) (3,279) (3,280) (3,281) (2,288) (3,283) (3,284) (3,285) (3,287) (4,286) (1,321) (2,290) (2,291) (2,292) (2,294) (3,293) (2,298) (3,295) (3,296) (3,297) (2,306) (3,299) (3,300) (3,301) (3,303) (4,302) (3,305) (4,304) (2,320) (3,307) (3,308) (3,309) (3,311) (4,310) (3,315) (4,312) (4,313) (4,314) (3,319) (4,316) (4,317) (4,318) (1,385) (2,322) (2,323) (2,324) (2,326) (3,325) (2,330) (3,327) (3,328) (3,329) (2,338) (3,331) (3,332) (3,333) (3,335) (4,334) (3,337) (4,336) (2,354) (3,339) (3,340) (3,341) (3,343) (4,342) (3,347) (4,344) (4,345) (4,346) (3,353) (4,348) (4,349) (4,350) (4,352) (5,351) (2,384) (3,355) (3,356) (3,357) (3,359) (4,358) (3,363) (4,360) (4,361) (4,362) (3,371) (4,364) (4,365) (4,366) (4,368) (5,367) (4,370) (5,369) (3,383) (4,372) (4,373) (4,374) (4,376) (5,375) (4,380) (5,377) (5,378) (5,379) (4,382) (5,381) (1,510) (2,386) (2,387) (2,388) (2,390) (3,389) (2,394) (3,391) (3,392) (3,393) (2,402) (3,395) (3,396) (3,397) (3,399) (4,398) (3,401) (4,400) (2,418) (3,403) (3,404) (3,405) (3,407) (4,406) (3,411) (4,408) (4,409) (4,410) (3,417) (4,412) (4,413) (4,414) (4,416) (5,415) (2,450) (3,419) (3,420) (3,421) (3,423) (4,422) (3,427) (4,424) (4,425) (4,426) (3,435) (4,428) (4,429) (4,430) (4,432) (5,431) (4,434) (5,433) (3,449) (4,436) (4,437) (4,438) (4,440) (5,439) (4,444) (5,441) (5,442) (5,443) (4,448) (5,445) (5,446) (5,447) (2,509) (3,451) (3,452) (3,453) (3,455) (4,454) (3,459) (4,456) (4,457) (4,458) (3,467) (4,460) (4,461) (4,462) (4,464) (5,463) (4,466) (5,465) (3,483) (4,468) (4,469) (4,470) (4,472) (5,471) (4,476) (5,473) (5,474) (5,475) (4,482) (5,477) (5,478) (5,479) (5,481) (6,480) (3,508) (4,484) (4,485) (4,486) (4,488) (5,487) (4,492) (5,489) (5,490) (5,491) (4,500) (5,493) (5,494) (5,495) (5,497) (6,496) (5,499) (6,498) (4,507) (5,501) (5,502) (5,503) (5,505) (6,504) (5,506) (1,511) 
Wtih crunch 2
(0,512) (1,0) (1,1) (1,2) (1,3) (1,4) (1,5) (1,6) (1,7) (1,8) (1,9) (1,10) (1,11) (1,12) (1,13) (1,14) (1,15) (1,16) (1,17) (1,18) (1,19) (1,20) (1,21) (1,22) (1,23) (1,24) (1,25) (1,26) (1,27) (1,28) (1,30) (2,29) (1,31) (1,32) (1,33) (1,34) (1,35) (1,36) (1,37) (1,38) (1,39) (1,40) (1,41) (1,42) (1,43) (1,44) (1,46) (2,45) (1,48) (2,47) (1,49) (1,50) (1,51) (1,52) (1,54) (2,53) (1,58) (2,55) (2,56) (2,57) (1,62) (2,59) (2,60) (2,61) (1,63) (1,64) (1,65) (1,66) (1,67) (1,68) (1,69) (1,70) (1,71) (1,72) (1,73) (1,74) (1,75) (1,76) (1,78) (2,77) (1,80) (2,79) (1,81) (1,82) (1,83) (1,84) (1,86) (2,85) (1,90) (2,87) (2,88) (2,89) (1,96) (2,91) (2,92) (2,93) (2,95) (3,94) (1,97) (1,98) (1,99) (1,100) (1,102) (2,101) (1,106) (2,103) (2,104) (2,105) (1,114) (2,107) (2,108) (2,109) (2,111) (3,110) (2,113) (3,112) (1,126) (2,115) (2,116) (2,117) (2,119) (3,118) (2,123) (3,120) (3,121) (3,122) (2,125) (3,124) (1,127) (1,128) (1,129) (1,130) (1,131) (1,132) (1,133) (1,134) (1,135) (1,136) (1,137) (1,138) (1,139) (1,140) (1,142) (2,141) (1,144) (2,143) (1,145) (1,146) (1,147) (1,148) (1,150) (2,149) (1,154) (2,151) (2,152) (2,153) (1,160) (2,155) (2,156) (2,157) (2,159) (3,158) (1,161) (1,162) (1,163) (1,164) (1,166) (2,165) (1,170) (2,167) (2,168) (2,169) (1,178) (2,171) (2,172) (2,173) (2,175) (3,174) (2,177) (3,176) (1,192) (2,179) (2,180) (2,181) (2,183) (3,182) (2,187) (3,184) (3,185) (3,186) (2,191) (3,188) (3,189) (3,190) (1,193) (1,194) (1,195) (1,196) (1,198) (2,197) (1,202) (2,199) (2,200) (2,201) (1,210) (2,203) (2,204) (2,205) (2,207) (3,206) (2,209) (3,208) (1,226) (2,211) (2,212) (2,213) (2,215) (3,214) (2,219) (3,216) (3,217) (3,218) (2,225) (3,220) (3,221) (3,222) (3,224) (4,223) (1,254) (2,227) (2,228) (2,229) (2,231) (3,230) (2,235) (3,232) (3,233) (3,234) (2,243) (3,236) (3,237) (3,238) (3,240) (4,239) (3,242) (4,241) (2,253) (3,244) (3,245) (3,246) (3,248) (4,247) (3,252) (4,249) (4,250) (4,251) (1,255) (1,256) (1,257) (1,258) (1,259) (1,260) (1,261) (1,262) (1,263) (1,264) (1,265) (1,266) (1,267) (1,268) (1,270) (2,269) (1,272) (2,271) (1,273) (1,274) (1,275) (1,276) (1,278) (2,277) (1,282) (2,279) (2,280) (2,281) (1,288) (2,283) (2,284) (2,285) (2,287) (3,286) (1,289) (1,290) (1,291) (1,292) (1,294) (2,293) (1,298) (2,295) (2,296) (2,297) (1,306) (2,299) (2,300) (2,301) (2,303) (3,302) (2,305) (3,304) (1,320) (2,307) (2,308) (2,309) (2,311) (3,310) (2,315) (3,312) (3,313) (3,314) (2,319) (3,316) (3,317) (3,318) (1,321) (1,322) (1,323) (1,324) (1,326) (2,325) (1,330) (2,327) (2,328) (2,329) (1,338) (2,331) (2,332) (2,333) (2,335) (3,334) (2,337) (3,336) (1,354) (2,339) (2,340) (2,341) (2,343) (3,342) (2,347) (3,344) (3,345) (3,346) (2,353) (3,348) (3,349) (3,350) (3,352) (4,351) (1,384) (2,355) (2,356) (2,357) (2,359) (3,358) (2,363) (3,360) (3,361) (3,362) (2,371) (3,364) (3,365) (3,366) (3,368) (4,367) (3,370) (4,369) (2,383) (3,372) (3,373) (3,374) (3,376) (4,375) (3,380) (4,377) (4,378) (4,379) (3,382) (4,381) (1,385) (1,386) (1,387) (1,388) (1,390) (2,389) (1,394) (2,391) (2,392) (2,393) (1,402) (2,395) (2,396) (2,397) (2,399) (3,398) (2,401) (3,400) (1,418) (2,403) (2,404) (2,405) (2,407) (3,406) (2,411) (3,408) (3,409) (3,410) (2,417) (3,412) (3,413) (3,414) (3,416) (4,415) (1,450) (2,419) (2,420) (2,421) (2,423) (3,422) (2,427) (3,424) (3,425) (3,426) (2,435) (3,428) (3,429) (3,430) (3,432) (4,431) (3,434) (4,433) (2,449) (3,436) (3,437) (3,438) (3,440) (4,439) (3,444) (4,441) (4,442) (4,443) (3,448) (4,445) (4,446) (4,447) (1,509) (2,451) (2,452) (2,453) (2,455) (3,454) (2,459) (3,456) (3,457) (3,458) (2,467) (3,460) (3,461) (3,462) (3,464) (4,463) (3,466) (4,465) (2,483) (3,468) (3,469) (3,470) (3,472) (4,471) (3,476) (4,473) (4,474) (4,475) (3,482) (4,477) (4,478) (4,479) (4,481) (5,480) (2,508) (3,484) (3,485) (3,486) (3,488) (4,487) (3,492) (4,489) (4,490) (4,491) (3,500) (4,493) (4,494) (4,495) (4,497) (5,496) (4,499) (5,498) (3,507) (4,501) (4,502) (4,503) (4,505) (5,504) (4,506) (1,510) (1,511) 
Wtih crunch 5
(0,512) (1,0) (1,1) (1,2) (1,3) (1,4) (1,5) (1,6) (1,7) (1,8) (1,9) (1,10) (1,11) (1,12) (1,13) (1,14) (1,15) (1,16) (1,17) (1,18) (1,19) (1,20) (1,21) (1,22) (1,23) (1,24) (1,25) (1,26) (1,27) (1,28) (1,29) (1,30) (1,31) (1,32) (1,33) (1,34) (1,35) (1,36) (1,37) (1,38) (1,39) (1,40) (1,41) (1,42) (1,43) (1,44) (1,45) (1,46) (1,47) (1,48) (1,49) (1,50) (1,51) (1,52) (1,53) (1,54) (1,55) (1,56) (1,57) (1,58) (1,59) (1,60) (1,61) (1,62) (1,63) (1,64) (1,65) (1,66) (1,67) (1,68) (1,69) (1,70) (1,71) (1,72) (1,73) (1,74) (1,75) (1,76) (1,77) (1,78) (1,79) (1,80) (1,81) (1,82) (1,83) (1,84) (1,85) (1,86) (1,87) (1,88) (1,89) (1,90) (1,91) (1,92) (1,93) (1,94) (1,95) (1,96) (1,97) (1,98) (1,99) (1,100) (1,101) (1,102) (1,103) (1,104) (1,105) (1,106) (1,107) (1,108) (1,109) (1,110) (1,111) (1,112) (1,113) (1,114) (1,115) (1,116) (1,117) (1,118) (1,119) (1,120) (1,121) (1,122) (1,123) (1,124) (1,125) (1,126) (1,127) (1,128) (1,129) (1,130) (1,131) (1,132) (1,133) (1,134) (1,135) (1,136) (1,137) (1,138) (1,139) (1,140) (1,141) (1,142) (1,143) (1,144) (1,145) (1,146) (1,147) (1,148) (1,149) (1,150) (1,151) (1,152) (1,153) (1,154) (1,155) (1,156) (1,157) (1,158) (1,159) (1,160) (1,161) (1,162) (1,163) (1,164) (1,165) (1,166) (1,167) (1,168) (1,169) (1,170) (1,171) (1,172) (1,173) (1,174) (1,175) (1,176) (1,177) (1,178) (1,179) (1,180) (1,181) (1,182) (1,183) (1,184) (1,185) (1,186) (1,187) (1,188) (1,189) (1,190) (1,191) (1,192) (1,193) (1,194) (1,195) (1,196) (1,197) (1,198) (1,199) (1,200) (1,201) (1,202) (1,203) (1,204) (1,205) (1,206) (1,207) (1,208) (1,209) (1,210) (1,211) (1,212) (1,213) (1,214) (1,215) (1,216) (1,217) (1,218) (1,219) (1,220) (1,221) (1,222) (1,223) (1,224) (1,225) (1,226) (1,227) (1,228) (1,229) (1,230) (1,231) (1,232) (1,233) (1,234) (1,235) (1,236) (1,237) (1,238) (1,239) (1,240) (1,241) (1,242) (1,243) (1,244) (1,245) (1,246) (1,247) (1,248) (1,249) (1,250) (1,251) (1,252) (1,253) (1,254) (1,255) (1,256) (1,257) (1,258) (1,259) (1,260) (1,261) (1,262) (1,263) (1,264) (1,265) (1,266) (1,267) (1,268) (1,269) (1,270) (1,271) (1,272) (1,273) (1,274) (1,275) (1,276) (1,277) (1,278) (1,279) (1,280) (1,281) (1,282) (1,283) (1,284) (1,285) (1,286) (1,287) (1,288) (1,289) (1,290) (1,291) (1,292) (1,293) (1,294) (1,295) (1,296) (1,297) (1,298) (1,299) (1,300) (1,301) (1,302) (1,303) (1,304) (1,305) (1,306) (1,307) (1,308) (1,309) (1,310) (1,311) (1,312) (1,313) (1,314) (1,315) (1,316) (1,317) (1,318) (1,319) (1,320) (1,321) (1,322) (1,323) (1,324) (1,325) (1,326) (1,327) (1,328) (1,329) (1,330) (1,331) (1,332) (1,333) (1,334) (1,335) (1,336) (1,337) (1,338) (1,339) (1,340) (1,341) (1,342) (1,343) (1,344) (1,345) (1,346) (1,347) (1,348) (1,349) (1,350) (1,351) (1,352) (1,353) (1,354) (1,355) (1,356) (1,357) (1,358) (1,359) (1,360) (1,361) (1,362) (1,363) (1,364) (1,365) (1,366) (1,367) (1,368) (1,369) (1,370) (1,371) (1,372) (1,373) (1,374) (1,375) (1,376) (1,377) (1,378) (1,379) (1,380) (1,381) (1,382) (1,383) (1,384) (1,385) (1,386) (1,387) (1,388) (1,389) (1,390) (1,391) (1,392) (1,393) (1,394) (1,395) (1,396) (1,397) (1,398) (1,399) (1,400) (1,401) (1,402) (1,403) (1,404) (1,405) (1,406) (1,407) (1,408) (1,409) (1,410) (1,411) (1,412) (1,413) (1,414) (1,415) (1,416) (1,417) (1,418) (1,419) (1,420) (1,421) (1,422) (1,423) (1,424) (1,425) (1,426) (1,427) (1,428) (1,429) (1,430) (1,431) (1,432) (1,433) (1,434) (1,435) (1,436) (1,437) (1,438) (1,439) (1,440) (1,441) (1,442) (1,443) (1,444) (1,445) (1,446) (1,447) (1,448) (1,449) (1,450) (1,451) (1,452) (1,453) (1,454) (1,455) (1,456) (1,457) (1,458) (1,459) (1,460) (1,461) (1,462) (1,463) (1,464) (1,465) (1,466) (1,467) (1,468) (1,469) (1,470) (1,471) (1,472) (1,473) (1,474) (1,475) (1,476) (1,477) (1,478) (1,479) (1,481) (2,480) (1,482) (1,483) (1,484) (1,485) (1,486) (1,487) (1,488) (1,489) (1,490) (1,491) (1,492) (1,493) (1,494) (1,495) (1,497) (2,496) (1,499) (2,498) (1,500) (1,501) (1,502) (1,503) (1,505) (2,504) (1,506) (1,507) (1,508) (1,509) (1,510) (1,511) 
