Tree.binary_search ~initial:-32 ~origin:-32:
(0,-32) 
Tree.binary_search ~initial:-32 ~origin:-31:
(0,-32) (1,-31) 
Tree.binary_search ~initial:-31 ~origin:-32:
(0,-31) (1,-32) 
Tree.binary_search ~initial:-32 ~origin:-25:
(0,-32) (1,-25) (1,-26) (1,-27) (1,-29) (2,-28) (1,-31) (2,-30) 
Tree.binary_search ~initial:-31 ~origin:-31:
(0,-31) 
Tree.binary_search ~initial:-25 ~origin:-32:
(0,-25) (1,-32) (1,-31) (1,-30) (1,-28) (2,-29) (1,-26) (2,-27) 
Tree.binary_search ~initial:-32 ~origin:-12:
(0,-32) (1,-12) (1,-13) (1,-14) (1,-16) (2,-15) (1,-20) (2,-17) (2,-18) (2,-19) (1,-28) (2,-21) (2,-22) (2,-23) (2,-25) (3,-24) (2,-27) (3,-26) (1,-31) (2,-29) (2,-30) 
Tree.binary_search ~initial:-31 ~origin:-25:
(0,-31) (1,-25) (1,-26) (1,-27) (1,-29) (2,-28) (1,-30) 
Tree.binary_search ~initial:-25 ~origin:-31:
(0,-25) (1,-31) (1,-30) (1,-29) (1,-27) (2,-28) (1,-26) 
Tree.binary_search ~initial:-12 ~origin:-32:
(0,-12) (1,-32) (1,-31) (1,-30) (1,-28) (2,-29) (1,-24) (2,-27) (2,-26) (2,-25) (1,-16) (2,-23) (2,-22) (2,-21) (2,-19) (3,-20) (2,-17) (3,-18) (1,-13) (2,-15) (2,-14) 
Tree.binary_search ~initial:-32 ~origin:-1:
(0,-32) (1,-1) (1,-2) (1,-3) (1,-5) (2,-4) (1,-9) (2,-6) (2,-7) (2,-8) (1,-17) (2,-10) (2,-11) (2,-12) (2,-14) (3,-13) (2,-16) (3,-15) (1,-31) (2,-18) (2,-19) (2,-20) (2,-22) (3,-21) (2,-26) (3,-23) (3,-24) (3,-25) (2,-30) (3,-27) (3,-28) (3,-29) 
Tree.binary_search ~initial:-31 ~origin:-12:
(0,-31) (1,-12) (1,-13) (1,-14) (1,-16) (2,-15) (1,-20) (2,-17) (2,-18) (2,-19) (1,-28) (2,-21) (2,-22) (2,-23) (2,-25) (3,-24) (2,-27) (3,-26) (1,-30) (2,-29) 
Tree.binary_search ~initial:-25 ~origin:-25:
(0,-25) 
Tree.binary_search ~initial:-12 ~origin:-31:
(0,-12) (1,-31) (1,-30) (1,-29) (1,-27) (2,-28) (1,-23) (2,-26) (2,-25) (2,-24) (1,-15) (2,-22) (2,-21) (2,-20) (2,-18) (3,-19) (2,-16) (3,-17) (1,-13) (2,-14) 
Tree.binary_search ~initial:-1 ~origin:-32:
(0,-1) (1,-32) (1,-31) (1,-30) (1,-28) (2,-29) (1,-24) (2,-27) (2,-26) (2,-25) (1,-16) (2,-23) (2,-22) (2,-21) (2,-19) (3,-20) (2,-17) (3,-18) (1,-2) (2,-15) (2,-14) (2,-13) (2,-11) (3,-12) (2,-7) (3,-10) (3,-9) (3,-8) (2,-3) (3,-6) (3,-5) (3,-4) 
Tree.binary_search ~initial:-32 ~origin:0:
(0,-32) (1,0) (1,-1) (1,-2) (1,-4) (2,-3) (1,-8) (2,-5) (2,-6) (2,-7) (1,-16) (2,-9) (2,-10) (2,-11) (2,-13) (3,-12) (2,-15) (3,-14) (1,-31) (2,-17) (2,-18) (2,-19) (2,-21) (3,-20) (2,-25) (3,-22) (3,-23) (3,-24) (2,-30) (3,-26) (3,-27) (3,-28) (3,-29) 
Tree.binary_search ~initial:-31 ~origin:-1:
(0,-31) (1,-1) (1,-2) (1,-3) (1,-5) (2,-4) (1,-9) (2,-6) (2,-7) (2,-8) (1,-17) (2,-10) (2,-11) (2,-12) (2,-14) (3,-13) (2,-16) (3,-15) (1,-30) (2,-18) (2,-19) (2,-20) (2,-22) (3,-21) (2,-26) (3,-23) (3,-24) (3,-25) (2,-29) (3,-27) (3,-28) 
Tree.binary_search ~initial:-25 ~origin:-12:
(0,-25) (1,-12) (1,-13) (1,-14) (1,-16) (2,-15) (1,-20) (2,-17) (2,-18) (2,-19) (1,-24) (2,-21) (2,-22) (2,-23) 
Tree.binary_search ~initial:-12 ~origin:-25:
(0,-12) (1,-25) (1,-24) (1,-23) (1,-21) (2,-22) (1,-17) (2,-20) (2,-19) (2,-18) (1,-13) (2,-16) (2,-15) (2,-14) 
Tree.binary_search ~initial:-1 ~origin:-31:
(0,-1) (1,-31) (1,-30) (1,-29) (1,-27) (2,-28) (1,-23) (2,-26) (2,-25) (2,-24) (1,-15) (2,-22) (2,-21) (2,-20) (2,-18) (3,-19) (2,-16) (3,-17) (1,-2) (2,-14) (2,-13) (2,-12) (2,-10) (3,-11) (2,-6) (3,-9) (3,-8) (3,-7) (2,-3) (3,-5) (3,-4) 
Tree.binary_search ~initial:0 ~origin:-32:
(0,0) (1,-32) (1,-31) (1,-30) (1,-28) (2,-29) (1,-24) (2,-27) (2,-26) (2,-25) (1,-16) (2,-23) (2,-22) (2,-21) (2,-19) (3,-20) (2,-17) (3,-18) (1,-1) (2,-15) (2,-14) (2,-13) (2,-11) (3,-12) (2,-7) (3,-10) (3,-9) (3,-8) (2,-2) (3,-6) (3,-5) (3,-4) (3,-3) 
Tree.binary_search ~initial:-32 ~origin:1:
(0,-32) (1,1) (1,0) (1,-1) (1,-3) (2,-2) (1,-7) (2,-4) (2,-5) (2,-6) (1,-15) (2,-8) (2,-9) (2,-10) (2,-12) (3,-11) (2,-14) (3,-13) (1,-31) (2,-16) (2,-17) (2,-18) (2,-20) (3,-19) (2,-24) (3,-21) (3,-22) (3,-23) (2,-30) (3,-25) (3,-26) (3,-27) (3,-29) (4,-28) 
Tree.binary_search ~initial:-31 ~origin:0:
(0,-31) (1,0) (1,-1) (1,-2) (1,-4) (2,-3) (1,-8) (2,-5) (2,-6) (2,-7) (1,-16) (2,-9) (2,-10) (2,-11) (2,-13) (3,-12) (2,-15) (3,-14) (1,-30) (2,-17) (2,-18) (2,-19) (2,-21) (3,-20) (2,-25) (3,-22) (3,-23) (3,-24) (2,-29) (3,-26) (3,-27) (3,-28) 
Tree.binary_search ~initial:-25 ~origin:-1:
(0,-25) (1,-1) (1,-2) (1,-3) (1,-5) (2,-4) (1,-9) (2,-6) (2,-7) (2,-8) (1,-17) (2,-10) (2,-11) (2,-12) (2,-14) (3,-13) (2,-16) (3,-15) (1,-24) (2,-18) (2,-19) (2,-20) (2,-22) (3,-21) (2,-23) 
Tree.binary_search ~initial:-12 ~origin:-12:
(0,-12) 
Tree.binary_search ~initial:-1 ~origin:-25:
(0,-1) (1,-25) (1,-24) (1,-23) (1,-21) (2,-22) (1,-17) (2,-20) (2,-19) (2,-18) (1,-9) (2,-16) (2,-15) (2,-14) (2,-12) (3,-13) (2,-10) (3,-11) (1,-2) (2,-8) (2,-7) (2,-6) (2,-4) (3,-5) (2,-3) 
Tree.binary_search ~initial:0 ~origin:-31:
(0,0) (1,-31) (1,-30) (1,-29) (1,-27) (2,-28) (1,-23) (2,-26) (2,-25) (2,-24) (1,-15) (2,-22) (2,-21) (2,-20) (2,-18) (3,-19) (2,-16) (3,-17) (1,-1) (2,-14) (2,-13) (2,-12) (2,-10) (3,-11) (2,-6) (3,-9) (3,-8) (3,-7) (2,-2) (3,-5) (3,-4) (3,-3) 
Tree.binary_search ~initial:1 ~origin:-32:
(0,1) (1,-32) (1,-31) (1,-30) (1,-28) (2,-29) (1,-24) (2,-27) (2,-26) (2,-25) (1,-16) (2,-23) (2,-22) (2,-21) (2,-19) (3,-20) (2,-17) (3,-18) (1,0) (2,-15) (2,-14) (2,-13) (2,-11) (3,-12) (2,-7) (3,-10) (3,-9) (3,-8) (2,-1) (3,-6) (3,-5) (3,-4) (3,-2) (4,-3) 
Tree.binary_search ~initial:-32 ~origin:13:
(0,-32) (1,13) (1,12) (1,11) (1,9) (2,10) (1,5) (2,8) (2,7) (2,6) (1,-3) (2,4) (2,3) (2,2) (2,0) (3,1) (2,-2) (3,-1) (1,-19) (2,-4) (2,-5) (2,-6) (2,-8) (3,-7) (2,-12) (3,-9) (3,-10) (3,-11) (2,-18) (3,-13) (3,-14) (3,-15) (3,-17) (4,-16) (1,-31) (2,-20) (2,-21) (2,-22) (2,-24) (3,-23) (2,-28) (3,-25) (3,-26) (3,-27) (2,-30) (3,-29) 
Tree.binary_search ~initial:-31 ~origin:1:
(0,-31) (1,1) (1,0) (1,-1) (1,-3) (2,-2) (1,-7) (2,-4) (2,-5) (2,-6) (1,-15) (2,-8) (2,-9) (2,-10) (2,-12) (3,-11) (2,-14) (3,-13) (1,-30) (2,-16) (2,-17) (2,-18) (2,-20) (3,-19) (2,-24) (3,-21) (3,-22) (3,-23) (2,-29) (3,-25) (3,-26) (3,-27) (3,-28) 
Tree.binary_search ~initial:-25 ~origin:0:
(0,-25) (1,0) (1,-1) (1,-2) (1,-4) (2,-3) (1,-8) (2,-5) (2,-6) (2,-7) (1,-16) (2,-9) (2,-10) (2,-11) (2,-13) (3,-12) (2,-15) (3,-14) (1,-24) (2,-17) (2,-18) (2,-19) (2,-21) (3,-20) (2,-23) (3,-22) 
Tree.binary_search ~initial:-12 ~origin:-1:
(0,-12) (1,-1) (1,-2) (1,-3) (1,-5) (2,-4) (1,-9) (2,-6) (2,-7) (2,-8) (1,-11) (2,-10) 
Tree.binary_search ~initial:-1 ~origin:-12:
(0,-1) (1,-12) (1,-11) (1,-10) (1,-8) (2,-9) (1,-4) (2,-7) (2,-6) (2,-5) (1,-2) (2,-3) 
Tree.binary_search ~initial:0 ~origin:-25:
(0,0) (1,-25) (1,-24) (1,-23) (1,-21) (2,-22) (1,-17) (2,-20) (2,-19) (2,-18) (1,-9) (2,-16) (2,-15) (2,-14) (2,-12) (3,-13) (2,-10) (3,-11) (1,-1) (2,-8) (2,-7) (2,-6) (2,-4) (3,-5) (2,-2) (3,-3) 
Tree.binary_search ~initial:1 ~origin:-31:
(0,1) (1,-31) (1,-30) (1,-29) (1,-27) (2,-28) (1,-23) (2,-26) (2,-25) (2,-24) (1,-15) (2,-22) (2,-21) (2,-20) (2,-18) (3,-19) (2,-16) (3,-17) (1,0) (2,-14) (2,-13) (2,-12) (2,-10) (3,-11) (2,-6) (3,-9) (3,-8) (3,-7) (2,-1) (3,-5) (3,-4) (3,-3) (3,-2) 
Tree.binary_search ~initial:13 ~origin:-32:
(0,13) (1,-32) (1,-31) (1,-30) (1,-28) (2,-29) (1,-24) (2,-27) (2,-26) (2,-25) (1,-16) (2,-23) (2,-22) (2,-21) (2,-19) (3,-20) (2,-17) (3,-18) (1,0) (2,-15) (2,-14) (2,-13) (2,-11) (3,-12) (2,-7) (3,-10) (3,-9) (3,-8) (2,-1) (3,-6) (3,-5) (3,-4) (3,-2) (4,-3) (1,12) (2,1) (2,2) (2,3) (2,5) (3,4) (2,9) (3,6) (3,7) (3,8) (2,11) (3,10) 
Tree.binary_search ~initial:-32 ~origin:15:
(0,-32) (1,15) (1,14) (1,13) (1,11) (2,12) (1,7) (2,10) (2,9) (2,8) (1,-1) (2,6) (2,5) (2,4) (2,2) (3,3) (2,0) (3,1) (1,-17) (2,-2) (2,-3) (2,-4) (2,-6) (3,-5) (2,-10) (3,-7) (3,-8) (3,-9) (2,-16) (3,-11) (3,-12) (3,-13) (3,-15) (4,-14) (1,-31) (2,-18) (2,-19) (2,-20) (2,-22) (3,-21) (2,-26) (3,-23) (3,-24) (3,-25) (2,-30) (3,-27) (3,-28) (3,-29) 
Tree.binary_search ~initial:-31 ~origin:13:
(0,-31) (1,13) (1,12) (1,11) (1,9) (2,10) (1,5) (2,8) (2,7) (2,6) (1,-3) (2,4) (2,3) (2,2) (2,0) (3,1) (2,-2) (3,-1) (1,-19) (2,-4) (2,-5) (2,-6) (2,-8) (3,-7) (2,-12) (3,-9) (3,-10) (3,-11) (2,-18) (3,-13) (3,-14) (3,-15) (3,-17) (4,-16) (1,-30) (2,-20) (2,-21) (2,-22) (2,-24) (3,-23) (2,-28) (3,-25) (3,-26) (3,-27) (2,-29) 
Tree.binary_search ~initial:-25 ~origin:1:
(0,-25) (1,1) (1,0) (1,-1) (1,-3) (2,-2) (1,-7) (2,-4) (2,-5) (2,-6) (1,-15) (2,-8) (2,-9) (2,-10) (2,-12) (3,-11) (2,-14) (3,-13) (1,-24) (2,-16) (2,-17) (2,-18) (2,-20) (3,-19) (2,-23) (3,-21) (3,-22) 
Tree.binary_search ~initial:-12 ~origin:0:
(0,-12) (1,0) (1,-1) (1,-2) (1,-4) (2,-3) (1,-8) (2,-5) (2,-6) (2,-7) (1,-11) (2,-9) (2,-10) 
Tree.binary_search ~initial:-1 ~origin:-1:
(0,-1) 
Tree.binary_search ~initial:0 ~origin:-12:
(0,0) (1,-12) (1,-11) (1,-10) (1,-8) (2,-9) (1,-4) (2,-7) (2,-6) (2,-5) (1,-1) (2,-3) (2,-2) 
Tree.binary_search ~initial:1 ~origin:-25:
(0,1) (1,-25) (1,-24) (1,-23) (1,-21) (2,-22) (1,-17) (2,-20) (2,-19) (2,-18) (1,-9) (2,-16) (2,-15) (2,-14) (2,-12) (3,-13) (2,-10) (3,-11) (1,0) (2,-8) (2,-7) (2,-6) (2,-4) (3,-5) (2,-1) (3,-3) (3,-2) 
Tree.binary_search ~initial:13 ~origin:-31:
(0,13) (1,-31) (1,-30) (1,-29) (1,-27) (2,-28) (1,-23) (2,-26) (2,-25) (2,-24) (1,-15) (2,-22) (2,-21) (2,-20) (2,-18) (3,-19) (2,-16) (3,-17) (1,1) (2,-14) (2,-13) (2,-12) (2,-10) (3,-11) (2,-6) (3,-9) (3,-8) (3,-7) (2,0) (3,-5) (3,-4) (3,-3) (3,-1) (4,-2) (1,12) (2,2) (2,3) (2,4) (2,6) (3,5) (2,10) (3,7) (3,8) (3,9) (2,11) 
Tree.binary_search ~initial:15 ~origin:-32:
(0,15) (1,-32) (1,-31) (1,-30) (1,-28) (2,-29) (1,-24) (2,-27) (2,-26) (2,-25) (1,-16) (2,-23) (2,-22) (2,-21) (2,-19) (3,-20) (2,-17) (3,-18) (1,0) (2,-15) (2,-14) (2,-13) (2,-11) (3,-12) (2,-7) (3,-10) (3,-9) (3,-8) (2,-1) (3,-6) (3,-5) (3,-4) (3,-2) (4,-3) (1,14) (2,1) (2,2) (2,3) (2,5) (3,4) (2,9) (3,6) (3,7) (3,8) (2,13) (3,10) (3,11) (3,12) 
Tree.binary_search ~initial:-32 ~origin:32:
(0,-32) (1,32) (1,31) (1,30) (1,28) (2,29) (1,24) (2,27) (2,26) (2,25) (1,16) (2,23) (2,22) (2,21) (2,19) (3,20) (2,17) (3,18) (1,0) (2,15) (2,14) (2,13) (2,11) (3,12) (2,7) (3,10) (3,9) (3,8) (2,1) (3,6) (3,5) (3,4) (3,2) (4,3) (1,-31) (2,-1) (2,-2) (2,-3) (2,-5) (3,-4) (2,-9) (3,-6) (3,-7) (3,-8) (2,-17) (3,-10) (3,-11) (3,-12) (3,-14) (4,-13) (3,-16) (4,-15) (2,-30) (3,-18) (3,-19) (3,-20) (3,-22) (4,-21) (3,-26) (4,-23) (4,-24) (4,-25) (3,-29) (4,-27) (4,-28) 
Tree.binary_search ~initial:-31 ~origin:15:
(0,-31) (1,15) (1,14) (1,13) (1,11) (2,12) (1,7) (2,10) (2,9) (2,8) (1,-1) (2,6) (2,5) (2,4) (2,2) (3,3) (2,0) (3,1) (1,-17) (2,-2) (2,-3) (2,-4) (2,-6) (3,-5) (2,-10) (3,-7) (3,-8) (3,-9) (2,-16) (3,-11) (3,-12) (3,-13) (3,-15) (4,-14) (1,-30) (2,-18) (2,-19) (2,-20) (2,-22) (3,-21) (2,-26) (3,-23) (3,-24) (3,-25) (2,-29) (3,-27) (3,-28) 
Tree.binary_search ~initial:-25 ~origin:13:
(0,-25) (1,13) (1,12) (1,11) (1,9) (2,10) (1,5) (2,8) (2,7) (2,6) (1,-3) (2,4) (2,3) (2,2) (2,0) (3,1) (2,-2) (3,-1) (1,-19) (2,-4) (2,-5) (2,-6) (2,-8) (3,-7) (2,-12) (3,-9) (3,-10) (3,-11) (2,-18) (3,-13) (3,-14) (3,-15) (3,-17) (4,-16) (1,-24) (2,-20) (2,-21) (2,-22) (2,-23) 
Tree.binary_search ~initial:-12 ~origin:1:
(0,-12) (1,1) (1,0) (1,-1) (1,-3) (2,-2) (1,-7) (2,-4) (2,-5) (2,-6) (1,-11) (2,-8) (2,-9) (2,-10) 
Tree.binary_search ~initial:-1 ~origin:0:
(0,-1) (1,0) 
Tree.binary_search ~initial:0 ~origin:-1:
(0,0) (1,-1) 
Tree.binary_search ~initial:1 ~origin:-12:
(0,1) (1,-12) (1,-11) (1,-10) (1,-8) (2,-9) (1,-4) (2,-7) (2,-6) (2,-5) (1,0) (2,-3) (2,-2) (2,-1) 
Tree.binary_search ~initial:13 ~origin:-25:
(0,13) (1,-25) (1,-24) (1,-23) (1,-21) (2,-22) (1,-17) (2,-20) (2,-19) (2,-18) (1,-9) (2,-16) (2,-15) (2,-14) (2,-12) (3,-13) (2,-10) (3,-11) (1,7) (2,-8) (2,-7) (2,-6) (2,-4) (3,-5) (2,0) (3,-3) (3,-2) (3,-1) (2,6) (3,1) (3,2) (3,3) (3,5) (4,4) (1,12) (2,8) (2,9) (2,10) (2,11) 
Tree.binary_search ~initial:15 ~origin:-31:
(0,15) (1,-31) (1,-30) (1,-29) (1,-27) (2,-28) (1,-23) (2,-26) (2,-25) (2,-24) (1,-15) (2,-22) (2,-21) (2,-20) (2,-18) (3,-19) (2,-16) (3,-17) (1,1) (2,-14) (2,-13) (2,-12) (2,-10) (3,-11) (2,-6) (3,-9) (3,-8) (3,-7) (2,0) (3,-5) (3,-4) (3,-3) (3,-1) (4,-2) (1,14) (2,2) (2,3) (2,4) (2,6) (3,5) (2,10) (3,7) (3,8) (3,9) (2,13) (3,11) (3,12) 
Tree.binary_search ~initial:32 ~origin:-32:
(0,32) (1,-32) (1,-31) (1,-30) (1,-28) (2,-29) (1,-24) (2,-27) (2,-26) (2,-25) (1,-16) (2,-23) (2,-22) (2,-21) (2,-19) (3,-20) (2,-17) (3,-18) (1,0) (2,-15) (2,-14) (2,-13) (2,-11) (3,-12) (2,-7) (3,-10) (3,-9) (3,-8) (2,-1) (3,-6) (3,-5) (3,-4) (3,-2) (4,-3) (1,31) (2,1) (2,2) (2,3) (2,5) (3,4) (2,9) (3,6) (3,7) (3,8) (2,17) (3,10) (3,11) (3,12) (3,14) (4,13) (3,16) (4,15) (2,30) (3,18) (3,19) (3,20) (3,22) (4,21) (3,26) (4,23) (4,24) (4,25) (3,29) (4,27) (4,28) 
Tree.binary_search ~initial:-31 ~origin:32:
(0,-31) (1,32) (1,31) (1,30) (1,28) (2,29) (1,24) (2,27) (2,26) (2,25) (1,16) (2,23) (2,22) (2,21) (2,19) (3,20) (2,17) (3,18) (1,0) (2,15) (2,14) (2,13) (2,11) (3,12) (2,7) (3,10) (3,9) (3,8) (2,1) (3,6) (3,5) (3,4) (3,2) (4,3) (1,-30) (2,-1) (2,-2) (2,-3) (2,-5) (3,-4) (2,-9) (3,-6) (3,-7) (3,-8) (2,-17) (3,-10) (3,-11) (3,-12) (3,-14) (4,-13) (3,-16) (4,-15) (2,-29) (3,-18) (3,-19) (3,-20) (3,-22) (4,-21) (3,-26) (4,-23) (4,-24) (4,-25) (3,-28) (4,-27) 
Tree.binary_search ~initial:-25 ~origin:15:
(0,-25) (1,15) (1,14) (1,13) (1,11) (2,12) (1,7) (2,10) (2,9) (2,8) (1,-1) (2,6) (2,5) (2,4) (2,2) (3,3) (2,0) (3,1) (1,-17) (2,-2) (2,-3) (2,-4) (2,-6) (3,-5) (2,-10) (3,-7) (3,-8) (3,-9) (2,-16) (3,-11) (3,-12) (3,-13) (3,-15) (4,-14) (1,-24) (2,-18) (2,-19) (2,-20) (2,-22) (3,-21) (2,-23) 
Tree.binary_search ~initial:-12 ~origin:13:
(0,-12) (1,13) (1,12) (1,11) (1,9) (2,10) (1,5) (2,8) (2,7) (2,6) (1,-3) (2,4) (2,3) (2,2) (2,0) (3,1) (2,-2) (3,-1) (1,-11) (2,-4) (2,-5) (2,-6) (2,-8) (3,-7) (2,-10) (3,-9) 
Tree.binary_search ~initial:-1 ~origin:1:
(0,-1) (1,1) (1,0) 
Tree.binary_search ~initial:0 ~origin:0:
(0,0) 
Tree.binary_search ~initial:1 ~origin:-1:
(0,1) (1,-1) (1,0) 
Tree.binary_search ~initial:13 ~origin:-12:
(0,13) (1,-12) (1,-11) (1,-10) (1,-8) (2,-9) (1,-4) (2,-7) (2,-6) (2,-5) (1,4) (2,-3) (2,-2) (2,-1) (2,1) (3,0) (2,3) (3,2) (1,12) (2,5) (2,6) (2,7) (2,9) (3,8) (2,11) (3,10) 
Tree.binary_search ~initial:15 ~origin:-25:
(0,15) (1,-25) (1,-24) (1,-23) (1,-21) (2,-22) (1,-17) (2,-20) (2,-19) (2,-18) (1,-9) (2,-16) (2,-15) (2,-14) (2,-12) (3,-13) (2,-10) (3,-11) (1,7) (2,-8) (2,-7) (2,-6) (2,-4) (3,-5) (2,0) (3,-3) (3,-2) (3,-1) (2,6) (3,1) (3,2) (3,3) (3,5) (4,4) (1,14) (2,8) (2,9) (2,10) (2,12) (3,11) (2,13) 
Tree.binary_search ~initial:32 ~origin:-31:
(0,32) (1,-31) (1,-30) (1,-29) (1,-27) (2,-28) (1,-23) (2,-26) (2,-25) (2,-24) (1,-15) (2,-22) (2,-21) (2,-20) (2,-18) (3,-19) (2,-16) (3,-17) (1,1) (2,-14) (2,-13) (2,-12) (2,-10) (3,-11) (2,-6) (3,-9) (3,-8) (3,-7) (2,0) (3,-5) (3,-4) (3,-3) (3,-1) (4,-2) (1,31) (2,2) (2,3) (2,4) (2,6) (3,5) (2,10) (3,7) (3,8) (3,9) (2,18) (3,11) (3,12) (3,13) (3,15) (4,14) (3,17) (4,16) (2,30) (3,19) (3,20) (3,21) (3,23) (4,22) (3,27) (4,24) (4,25) (4,26) (3,29) (4,28) 
Tree.binary_search ~initial:-25 ~origin:32:
(0,-25) (1,32) (1,31) (1,30) (1,28) (2,29) (1,24) (2,27) (2,26) (2,25) (1,16) (2,23) (2,22) (2,21) (2,19) (3,20) (2,17) (3,18) (1,0) (2,15) (2,14) (2,13) (2,11) (3,12) (2,7) (3,10) (3,9) (3,8) (2,1) (3,6) (3,5) (3,4) (3,2) (4,3) (1,-24) (2,-1) (2,-2) (2,-3) (2,-5) (3,-4) (2,-9) (3,-6) (3,-7) (3,-8) (2,-17) (3,-10) (3,-11) (3,-12) (3,-14) (4,-13) (3,-16) (4,-15) (2,-23) (3,-18) (3,-19) (3,-20) (3,-22) (4,-21) 
Tree.binary_search ~initial:-12 ~origin:15:
(0,-12) (1,15) (1,14) (1,13) (1,11) (2,12) (1,7) (2,10) (2,9) (2,8) (1,-1) (2,6) (2,5) (2,4) (2,2) (3,3) (2,0) (3,1) (1,-11) (2,-2) (2,-3) (2,-4) (2,-6) (3,-5) (2,-10) (3,-7) (3,-8) (3,-9) 
Tree.binary_search ~initial:-1 ~origin:13:
(0,-1) (1,13) (1,12) (1,11) (1,9) (2,10) (1,5) (2,8) (2,7) (2,6) (1,0) (2,4) (2,3) (2,2) (2,1) 
Tree.binary_search ~initial:0 ~origin:1:
(0,0) (1,1) 
Tree.binary_search ~initial:1 ~origin:0:
(0,1) (1,0) 
Tree.binary_search ~initial:13 ~origin:-1:
(0,13) (1,-1) (1,0) (1,1) (1,3) (2,2) (1,7) (2,4) (2,5) (2,6) (1,12) (2,8) (2,9) (2,10) (2,11) 
Tree.binary_search ~initial:15 ~origin:-12:
(0,15) (1,-12) (1,-11) (1,-10) (1,-8) (2,-9) (1,-4) (2,-7) (2,-6) (2,-5) (1,4) (2,-3) (2,-2) (2,-1) (2,1) (3,0) (2,3) (3,2) (1,14) (2,5) (2,6) (2,7) (2,9) (3,8) (2,13) (3,10) (3,11) (3,12) 
Tree.binary_search ~initial:32 ~origin:-25:
(0,32) (1,-25) (1,-24) (1,-23) (1,-21) (2,-22) (1,-17) (2,-20) (2,-19) (2,-18) (1,-9) (2,-16) (2,-15) (2,-14) (2,-12) (3,-13) (2,-10) (3,-11) (1,7) (2,-8) (2,-7) (2,-6) (2,-4) (3,-5) (2,0) (3,-3) (3,-2) (3,-1) (2,6) (3,1) (3,2) (3,3) (3,5) (4,4) (1,31) (2,8) (2,9) (2,10) (2,12) (3,11) (2,16) (3,13) (3,14) (3,15) (2,24) (3,17) (3,18) (3,19) (3,21) (4,20) (3,23) (4,22) (2,30) (3,25) (3,26) (3,27) (3,29) (4,28) 
Tree.binary_search ~initial:-12 ~origin:32:
(0,-12) (1,32) (1,31) (1,30) (1,28) (2,29) (1,24) (2,27) (2,26) (2,25) (1,16) (2,23) (2,22) (2,21) (2,19) (3,20) (2,17) (3,18) (1,0) (2,15) (2,14) (2,13) (2,11) (3,12) (2,7) (3,10) (3,9) (3,8) (2,1) (3,6) (3,5) (3,4) (3,2) (4,3) (1,-11) (2,-1) (2,-2) (2,-3) (2,-5) (3,-4) (2,-9) (3,-6) (3,-7) (3,-8) (2,-10) 
Tree.binary_search ~initial:-1 ~origin:15:
(0,-1) (1,15) (1,14) (1,13) (1,11) (2,12) (1,7) (2,10) (2,9) (2,8) (1,0) (2,6) (2,5) (2,4) (2,2) (3,3) (2,1) 
Tree.binary_search ~initial:0 ~origin:13:
(0,0) (1,13) (1,12) (1,11) (1,9) (2,10) (1,5) (2,8) (2,7) (2,6) (1,1) (2,4) (2,3) (2,2) 
Tree.binary_search ~initial:1 ~origin:1:
(0,1) 
Tree.binary_search ~initial:13 ~origin:0:
(0,13) (1,0) (1,1) (1,2) (1,4) (2,3) (1,8) (2,5) (2,6) (2,7) (1,12) (2,9) (2,10) (2,11) 
Tree.binary_search ~initial:15 ~origin:-1:
(0,15) (1,-1) (1,0) (1,1) (1,3) (2,2) (1,7) (2,4) (2,5) (2,6) (1,14) (2,8) (2,9) (2,10) (2,12) (3,11) (2,13) 
Tree.binary_search ~initial:32 ~origin:-12:
(0,32) (1,-12) (1,-11) (1,-10) (1,-8) (2,-9) (1,-4) (2,-7) (2,-6) (2,-5) (1,4) (2,-3) (2,-2) (2,-1) (2,1) (3,0) (2,3) (3,2) (1,20) (2,5) (2,6) (2,7) (2,9) (3,8) (2,13) (3,10) (3,11) (3,12) (2,19) (3,14) (3,15) (3,16) (3,18) (4,17) (1,31) (2,21) (2,22) (2,23) (2,25) (3,24) (2,29) (3,26) (3,27) (3,28) (2,30) 
Tree.binary_search ~initial:-1 ~origin:32:
(0,-1) (1,32) (1,31) (1,30) (1,28) (2,29) (1,24) (2,27) (2,26) (2,25) (1,16) (2,23) (2,22) (2,21) (2,19) (3,20) (2,17) (3,18) (1,0) (2,15) (2,14) (2,13) (2,11) (3,12) (2,7) (3,10) (3,9) (3,8) (2,1) (3,6) (3,5) (3,4) (3,2) (4,3) 
Tree.binary_search ~initial:0 ~origin:15:
(0,0) (1,15) (1,14) (1,13) (1,11) (2,12) (1,7) (2,10) (2,9) (2,8) (1,1) (2,6) (2,5) (2,4) (2,2) (3,3) 
Tree.binary_search ~initial:1 ~origin:13:
(0,1) (1,13) (1,12) (1,11) (1,9) (2,10) (1,5) (2,8) (2,7) (2,6) (1,2) (2,4) (2,3) 
Tree.binary_search ~initial:13 ~origin:1:
(0,13) (1,1) (1,2) (1,3) (1,5) (2,4) (1,9) (2,6) (2,7) (2,8) (1,12) (2,10) (2,11) 
Tree.binary_search ~initial:15 ~origin:0:
(0,15) (1,0) (1,1) (1,2) (1,4) (2,3) (1,8) (2,5) (2,6) (2,7) (1,14) (2,9) (2,10) (2,11) (2,13) (3,12) 
Tree.binary_search ~initial:32 ~origin:-1:
(0,32) (1,-1) (1,0) (1,1) (1,3) (2,2) (1,7) (2,4) (2,5) (2,6) (1,15) (2,8) (2,9) (2,10) (2,12) (3,11) (2,14) (3,13) (1,31) (2,16) (2,17) (2,18) (2,20) (3,19) (2,24) (3,21) (3,22) (3,23) (2,30) (3,25) (3,26) (3,27) (3,29) (4,28) 
Tree.binary_search ~initial:0 ~origin:32:
(0,0) (1,32) (1,31) (1,30) (1,28) (2,29) (1,24) (2,27) (2,26) (2,25) (1,16) (2,23) (2,22) (2,21) (2,19) (3,20) (2,17) (3,18) (1,1) (2,15) (2,14) (2,13) (2,11) (3,12) (2,7) (3,10) (3,9) (3,8) (2,2) (3,6) (3,5) (3,4) (3,3) 
Tree.binary_search ~initial:1 ~origin:15:
(0,1) (1,15) (1,14) (1,13) (1,11) (2,12) (1,7) (2,10) (2,9) (2,8) (1,2) (2,6) (2,5) (2,4) (2,3) 
Tree.binary_search ~initial:13 ~origin:13:
(0,13) 
Tree.binary_search ~initial:15 ~origin:1:
(0,15) (1,1) (1,2) (1,3) (1,5) (2,4) (1,9) (2,6) (2,7) (2,8) (1,14) (2,10) (2,11) (2,12) (2,13) 
Tree.binary_search ~initial:32 ~origin:0:
(0,32) (1,0) (1,1) (1,2) (1,4) (2,3) (1,8) (2,5) (2,6) (2,7) (1,16) (2,9) (2,10) (2,11) (2,13) (3,12) (2,15) (3,14) (1,31) (2,17) (2,18) (2,19) (2,21) (3,20) (2,25) (3,22) (3,23) (3,24) (2,30) (3,26) (3,27) (3,28) (3,29) 
Tree.binary_search ~initial:1 ~origin:32:
(0,1) (1,32) (1,31) (1,30) (1,28) (2,29) (1,24) (2,27) (2,26) (2,25) (1,16) (2,23) (2,22) (2,21) (2,19) (3,20) (2,17) (3,18) (1,2) (2,15) (2,14) (2,13) (2,11) (3,12) (2,7) (3,10) (3,9) (3,8) (2,3) (3,6) (3,5) (3,4) 
Tree.binary_search ~initial:13 ~origin:15:
(0,13) (1,15) (1,14) 
Tree.binary_search ~initial:15 ~origin:13:
(0,15) (1,13) (1,14) 
Tree.binary_search ~initial:32 ~origin:1:
(0,32) (1,1) (1,2) (1,3) (1,5) (2,4) (1,9) (2,6) (2,7) (2,8) (1,17) (2,10) (2,11) (2,12) (2,14) (3,13) (2,16) (3,15) (1,31) (2,18) (2,19) (2,20) (2,22) (3,21) (2,26) (3,23) (3,24) (3,25) (2,30) (3,27) (3,28) (3,29) 
Tree.binary_search ~initial:13 ~origin:32:
(0,13) (1,32) (1,31) (1,30) (1,28) (2,29) (1,24) (2,27) (2,26) (2,25) (1,16) (2,23) (2,22) (2,21) (2,19) (3,20) (2,17) (3,18) (1,14) (2,15) 
Tree.binary_search ~initial:15 ~origin:15:
(0,15) 
Tree.binary_search ~initial:32 ~origin:13:
(0,32) (1,13) (1,14) (1,15) (1,17) (2,16) (1,21) (2,18) (2,19) (2,20) (1,29) (2,22) (2,23) (2,24) (2,26) (3,25) (2,28) (3,27) (1,31) (2,30) 
Tree.binary_search ~initial:15 ~origin:32:
(0,15) (1,32) (1,31) (1,30) (1,28) (2,29) (1,24) (2,27) (2,26) (2,25) (1,16) (2,23) (2,22) (2,21) (2,19) (3,20) (2,17) (3,18) 
Tree.binary_search ~initial:32 ~origin:15:
(0,32) (1,15) (1,16) (1,17) (1,19) (2,18) (1,23) (2,20) (2,21) (2,22) (1,31) (2,24) (2,25) (2,26) (2,28) (3,27) (2,30) (3,29) 
Tree.binary_search ~initial:32 ~origin:32:
(0,32) 
