0 0 1 1 2 2 4 4 6 6 6 6 9 10 101 104 110 132 146 152 159 170 193 200 1793 4358 6898 7817 8240 8895
