[Std.int ~min=0 ~max=0]
root: 0
children:
[Std.int ~min=-4611686018427387904 ~max=0]
root: -2548924201055868020
children:0 -1 -2 -4 -8 -16 -32 -64 -128 -256 -512 -1024 -2048 -4096 -8192 -16384 -32768 -65536 -131072 -262144 -524288 -1048576 -2097152 -4194304 -8388608 -16777216 -33554432 -67108864 -134217728 -268435456 -536870912 -1073741824 -2147483648 -4294967296 -8589934592 -17179869184 -34359738368 -68719476736 -137438953472 -274877906944 -549755813888 -1099511627776 -2199023255552 -4398046511104 -8796093022208 -17592186044416 -35184372088832 -70368744177664 -140737488355328 -281474976710656 -562949953421312 -1125899906842624 -2251799813685248 -4503599627370496 -9007199254740992 -18014398509481984 -36028797018963968 -72057594037927936 -144115188075855872 -288230376151711744 -576460752303423488 -1152921504606846976 -2305843009213693952 -2548924201055868019 
[Std.int ~min=0 ~max=-4611686018427387904]
root: 0
children:
[Std.int ~min=-1000 ~max=1000]
root: 468
children:0 1 2 4 8 16 32 64 128 256 467 
[Std.int ~min=-4611686018427387904 ~max=4611686018427387903]
root: 3090811307021109630
children:0 1 2 4 8 16 32 64 128 256 512 1024 2048 4096 8192 16384 32768 65536 131072 262144 524288 1048576 2097152 4194304 8388608 16777216 33554432 67108864 134217728 268435456 536870912 1073741824 2147483648 4294967296 8589934592 17179869184 34359738368 68719476736 137438953472 274877906944 549755813888 1099511627776 2199023255552 4398046511104 8796093022208 17592186044416 35184372088832 70368744177664 140737488355328 281474976710656 562949953421312 1125899906842624 2251799813685248 4503599627370496 9007199254740992 18014398509481984 36028797018963968 72057594037927936 144115188075855872 288230376151711744 576460752303423488 1152921504606846976 2305843009213693952 3090811307021109629 
[Std.int ~origin:(Std.Shrinker.Int -10000) ~min=-4611686018427387903 ~max=4611686018427387903]
root: -2052924420195683419
children:-10000 -10001 -10002 -10004 -10008 -10016 -10032 -10064 -10128 -10256 -10512 -11024 -12048 -14096 -18192 -26384 -42768 -75536 -141072 -272144 -534288 -1058576 -2107152 -4204304 -8398608 -16787216 -33564432 -67118864 -134227728 -268445456 -536880912 -1073751824 -2147493648 -4294977296 -8589944592 -17179879184 -34359748368 -68719486736 -137438963472 -274877916944 -549755823888 -1099511637776 -2199023265552 -4398046521104 -8796093032208 -17592186054416 -35184372098832 -70368744187664 -140737488365328 -281474976720656 -562949953431312 -1125899906852624 -2251799813695248 -4503599627380496 -9007199254750992 -18014398509491984 -36028797018973968 -72057594037937936 -144115188075865872 -288230376151721744 -576460752303433488 -1152921504606856976 -2052924420195683418 
[Std.int ~origin:(Std.Shrinker.Int 1) ~min=-4611686018427387903 ~max=4611686018427387903]
root: -148656895087363737
children:1 0 -1 -3 -7 -15 -31 -63 -127 -255 -511 -1023 -2047 -4095 -8191 -16383 -32767 -65535 -131071 -262143 -524287 -1048575 -2097151 -4194303 -8388607 -16777215 -33554431 -67108863 -134217727 -268435455 -536870911 -1073741823 -2147483647 -4294967295 -8589934591 -17179869183 -34359738367 -68719476735 -137438953471 -274877906943 -549755813887 -1099511627775 -2199023255551 -4398046511103 -8796093022207 -17592186044415 -35184372088831 -70368744177663 -140737488355327 -281474976710655 -562949953421311 -1125899906842623 -2251799813685247 -4503599627370495 -9007199254740991 -18014398509481983 -36028797018963967 -72057594037927935 -144115188075855871 -148656895087363736 
[Gen.constant ~origin:0 (Int.max_int - 1)] | First row
0 1 2 4 8 16 32 64 128 256 512 1024 2048 4096 8192 16384 32768 65536 131072 262144 524288 1048576 2097152 4194304 8388608 16777216 33554432 67108864 134217728 268435456 536870912 1073741824 2147483648 4294967296 8589934592 17179869184 34359738368 68719476736 137438953472 274877906944 549755813888 1099511627776 2199023255552 4398046511104 8796093022208 17592186044416 35184372088832 70368744177664 140737488355328 281474976710656 562949953421312 1125899906842624 2251799813685248 4503599627370496 9007199254740992 18014398509481984 36028797018963968 72057594037927936 144115188075855872 288230376151711744 576460752303423488 1152921504606846976 2305843009213693952 4611686018427387901

[Gen.constant ~origin:0 100] | Row 1
0 1 2 4 8 16 32 64 100

[Gen.constant ~origin:0 100] | Row 2
3 5 6 7 9 10 11 13 15 17 18 19 21 25 31 33 34 35 37 41 49 63 65 66 67 69 73 81 97 98

[Gen.constant ~origin:20 100] | Row 1
20 21 22 24 28 36 52 84 100

[Gen.constant ~origin:20 100] | Row 2
23 25 26 27 29 30 31 33 35 37 38 39 41 45 51 53 54 55 57 61 69 83 85 86 87 89 93 99

[Gen.constant ~origin:-100 100] | Row 1
-100 -99 -98 -96 -92 -84 -68 -36 28 100

[Gen.constant ~origin:-100 100] | Row 2
-97 -95 -94 -93 -91 -90 -89 -87 -85 -83 -82 -81 -79 -75 -69 -67 -66 -65 -63 -59 -51 -37 -35 -34 -33 -31 -27 -19 -3 27 29 30 31 33 37 45 61 93 99

