Predicate: large union list
Root: [[30 6 3 7 40 2 9 29 21] [] [19]]
First row: [] [[30 6 3 7 40 2 9 29 21]] [[30 6 3 7 40 2 9 29 21] []] [[] [] [19]] [[30] [] [19]] [[30 6] [] [19]] [[30 6 3 7] [] [19]] [[30 6 3 7 40 2 9 29] [] [19]] [[0 6 3 7 40 2 9 29 21] [] [19]] [[1 6 3 7 40 2 9 29 21] [] [19]] [[2 6 3 7 40 2 9 29 21] [] [19]] [[4 6 3 7 40 2 9 29 21] [] [19]] [[8 6 3 7 40 2 9 29 21] [] [19]] [[16 6 3 7 40 2 9 29 21] [] [19]] [[29 6 3 7 40 2 9 29 21] [] [19]] [[30 0 3 7 40 2 9 29 21] [] [19]] [[30 1 3 7 40 2 9 29 21] [] [19]] [[30 2 3 7 40 2 9 29 21] [] [19]] [[30 4 3 7 40 2 9 29 21] [] [19]] [[30 5 3 7 40 2 9 29 21] [] [19]] [[30 6 0 7 40 2 9 29 21] [] [19]] [[30 6 1 7 40 2 9 29 21] [] [19]] [[30 6 2 7 40 2 9 29 21] [] [19]] [[30 6 3 0 40 2 9 29 21] [] [19]] [[30 6 3 1 40 2 9 29 21] [] [19]] [[30 6 3 2 40 2 9 29 21] [] [19]] [[30 6 3 4 40 2 9 29 21] [] [19]] [[30 6 3 6 40 2 9 29 21] [] [19]] [[30 6 3 7 0 2 9 29 21] [] [19]] [[30 6 3 7 1 2 9 29 21] [] [19]] [[30 6 3 7 2 2 9 29 21] [] [19]] [[30 6 3 7 4 2 9 29 21] [] [19]] [[30 6 3 7 8 2 9 29 21] [] [19]] [[30 6 3 7 16 2 9 29 21] [] [19]] [[30 6 3 7 32 2 9 29 21] [] [19]] [[30 6 3 7 39 2 9 29 21] [] [19]] [[30 6 3 7 40 0 9 29 21] [] [19]] [[30 6 3 7 40 1 9 29 21] [] [19]] [[30 6 3 7 40 2 0 29 21] [] [19]] [[30 6 3 7 40 2 1 29 21] [] [19]] [[30 6 3 7 40 2 2 29 21] [] [19]] [[30 6 3 7 40 2 4 29 21] [] [19]] [[30 6 3 7 40 2 8 29 21] [] [19]] [[30 6 3 7 40 2 9 0 21] [] [19]] [[30 6 3 7 40 2 9 1 21] [] [19]] [[30 6 3 7 40 2 9 2 21] [] [19]] [[30 6 3 7 40 2 9 4 21] [] [19]] [[30 6 3 7 40 2 9 8 21] [] [19]] [[30 6 3 7 40 2 9 16 21] [] [19]] [[30 6 3 7 40 2 9 28 21] [] [19]] [[30 6 3 7 40 2 9 29 0] [] [19]] [[30 6 3 7 40 2 9 29 1] [] [19]] [[30 6 3 7 40 2 9 29 2] [] [19]] [[30 6 3 7 40 2 9 29 4] [] [19]] [[30 6 3 7 40 2 9 29 8] [] [19]] [[30 6 3 7 40 2 9 29 16] [] [19]] [[30 6 3 7 40 2 9 29 20] [] [19]] [[30 6 3 7 40 2 9 29 21] [] []] [[30 6 3 7 40 2 9 29 21] [] [0]] [[30 6 3 7 40 2 9 29 21] [] [1]] [[30 6 3 7 40 2 9 29 21] [] [2]] [[30 6 3 7 40 2 9 29 21] [] [4]] [[30 6 3 7 40 2 9 29 21] [] [8]] [[30 6 3 7 40 2 9 29 21] [] [16]] [[30 6 3 7 40 2 9 29 21] [] [18]]
Counter example: [[0 1 2 3 4]]
Counter example (crunch): [[0 1 2 3 4]]


Predicate: large union list
Root: [[38 15 13 37] [15 8] [] [2 27 14 24 45 3 26] [17 35 10 24 5 10] [33 9 20 50 1 23]]
First row: [] [[38 15 13 37]] [[38 15 13 37] [15 8]] [[38 15 13 37] [15 8] [] [2 27 14 24 45 3 26]] [[38 15 13 37] [15 8] [] [2 27 14 24 45 3 26] [17 35 10 24 5 10]] [[] [15 8] [] [2 27 14 24 45 3 26] [17 35 10 24 5 10] [33 9 20 50 1 23]] [[38] [15 8] [] [2 27 14 24 45 3 26] [17 35 10 24 5 10] [33 9 20 50 1 23]] [[38 15] [15 8] [] [2 27 14 24 45 3 26] [17 35 10 24 5 10] [33 9 20 50 1 23]] [[38 15 13] [15 8] [] [2 27 14 24 45 3 26] [17 35 10 24 5 10] [33 9 20 50 1 23]] [[0 15 13 37] [15 8] [] [2 27 14 24 45 3 26] [17 35 10 24 5 10] [33 9 20 50 1 23]] [[1 15 13 37] [15 8] [] [2 27 14 24 45 3 26] [17 35 10 24 5 10] [33 9 20 50 1 23]] [[2 15 13 37] [15 8] [] [2 27 14 24 45 3 26] [17 35 10 24 5 10] [33 9 20 50 1 23]] [[4 15 13 37] [15 8] [] [2 27 14 24 45 3 26] [17 35 10 24 5 10] [33 9 20 50 1 23]] [[8 15 13 37] [15 8] [] [2 27 14 24 45 3 26] [17 35 10 24 5 10] [33 9 20 50 1 23]] [[16 15 13 37] [15 8] [] [2 27 14 24 45 3 26] [17 35 10 24 5 10] [33 9 20 50 1 23]] [[32 15 13 37] [15 8] [] [2 27 14 24 45 3 26] [17 35 10 24 5 10] [33 9 20 50 1 23]] [[37 15 13 37] [15 8] [] [2 27 14 24 45 3 26] [17 35 10 24 5 10] [33 9 20 50 1 23]] [[38 0 13 37] [15 8] [] [2 27 14 24 45 3 26] [17 35 10 24 5 10] [33 9 20 50 1 23]] [[38 1 13 37] [15 8] [] [2 27 14 24 45 3 26] [17 35 10 24 5 10] [33 9 20 50 1 23]] [[38 2 13 37] [15 8] [] [2 27 14 24 45 3 26] [17 35 10 24 5 10] [33 9 20 50 1 23]] [[38 4 13 37] [15 8] [] [2 27 14 24 45 3 26] [17 35 10 24 5 10] [33 9 20 50 1 23]] [[38 8 13 37] [15 8] [] [2 27 14 24 45 3 26] [17 35 10 24 5 10] [33 9 20 50 1 23]] [[38 14 13 37] [15 8] [] [2 27 14 24 45 3 26] [17 35 10 24 5 10] [33 9 20 50 1 23]] [[38 15 0 37] [15 8] [] [2 27 14 24 45 3 26] [17 35 10 24 5 10] [33 9 20 50 1 23]] [[38 15 1 37] [15 8] [] [2 27 14 24 45 3 26] [17 35 10 24 5 10] [33 9 20 50 1 23]] [[38 15 2 37] [15 8] [] [2 27 14 24 45 3 26] [17 35 10 24 5 10] [33 9 20 50 1 23]] [[38 15 4 37] [15 8] [] [2 27 14 24 45 3 26] [17 35 10 24 5 10] [33 9 20 50 1 23]] [[38 15 8 37] [15 8] [] [2 27 14 24 45 3 26] [17 35 10 24 5 10] [33 9 20 50 1 23]] [[38 15 12 37] [15 8] [] [2 27 14 24 45 3 26] [17 35 10 24 5 10] [33 9 20 50 1 23]] [[38 15 13 0] [15 8] [] [2 27 14 24 45 3 26] [17 35 10 24 5 10] [33 9 20 50 1 23]] [[38 15 13 1] [15 8] [] [2 27 14 24 45 3 26] [17 35 10 24 5 10] [33 9 20 50 1 23]] [[38 15 13 2] [15 8] [] [2 27 14 24 45 3 26] [17 35 10 24 5 10] [33 9 20 50 1 23]] [[38 15 13 4] [15 8] [] [2 27 14 24 45 3 26] [17 35 10 24 5 10] [33 9 20 50 1 23]] [[38 15 13 8] [15 8] [] [2 27 14 24 45 3 26] [17 35 10 24 5 10] [33 9 20 50 1 23]] [[38 15 13 16] [15 8] [] [2 27 14 24 45 3 26] [17 35 10 24 5 10] [33 9 20 50 1 23]] [[38 15 13 32] [15 8] [] [2 27 14 24 45 3 26] [17 35 10 24 5 10] [33 9 20 50 1 23]] [[38 15 13 36] [15 8] [] [2 27 14 24 45 3 26] [17 35 10 24 5 10] [33 9 20 50 1 23]] [[38 15 13 37] [] [] [2 27 14 24 45 3 26] [17 35 10 24 5 10] [33 9 20 50 1 23]] [[38 15 13 37] [15] [] [2 27 14 24 45 3 26] [17 35 10 24 5 10] [33 9 20 50 1 23]] [[38 15 13 37] [0 8] [] [2 27 14 24 45 3 26] [17 35 10 24 5 10] [33 9 20 50 1 23]] [[38 15 13 37] [1 8] [] [2 27 14 24 45 3 26] [17 35 10 24 5 10] [33 9 20 50 1 23]] [[38 15 13 37] [2 8] [] [2 27 14 24 45 3 26] [17 35 10 24 5 10] [33 9 20 50 1 23]] [[38 15 13 37] [4 8] [] [2 27 14 24 45 3 26] [17 35 10 24 5 10] [33 9 20 50 1 23]] [[38 15 13 37] [8 8] [] [2 27 14 24 45 3 26] [17 35 10 24 5 10] [33 9 20 50 1 23]] [[38 15 13 37] [14 8] [] [2 27 14 24 45 3 26] [17 35 10 24 5 10] [33 9 20 50 1 23]] [[38 15 13 37] [15 0] [] [2 27 14 24 45 3 26] [17 35 10 24 5 10] [33 9 20 50 1 23]] [[38 15 13 37] [15 1] [] [2 27 14 24 45 3 26] [17 35 10 24 5 10] [33 9 20 50 1 23]] [[38 15 13 37] [15 2] [] [2 27 14 24 45 3 26] [17 35 10 24 5 10] [33 9 20 50 1 23]] [[38 15 13 37] [15 4] [] [2 27 14 24 45 3 26] [17 35 10 24 5 10] [33 9 20 50 1 23]] [[38 15 13 37] [15 7] [] [2 27 14 24 45 3 26] [17 35 10 24 5 10] [33 9 20 50 1 23]] [[38 15 13 37] [15 8] [] [] [17 35 10 24 5 10] [33 9 20 50 1 23]] [[38 15 13 37] [15 8] [] [2] [17 35 10 24 5 10] [33 9 20 50 1 23]] [[38 15 13 37] [15 8] [] [2 27] [17 35 10 24 5 10] [33 9 20 50 1 23]] [[38 15 13 37] [15 8] [] [2 27 14 24] [17 35 10 24 5 10] [33 9 20 50 1 23]] [[38 15 13 37] [15 8] [] [2 27 14 24 45 3] [17 35 10 24 5 10] [33 9 20 50 1 23]] [[38 15 13 37] [15 8] [] [0 27 14 24 45 3 26] [17 35 10 24 5 10] [33 9 20 50 1 23]] [[38 15 13 37] [15 8] [] [1 27 14 24 45 3 26] [17 35 10 24 5 10] [33 9 20 50 1 23]] [[38 15 13 37] [15 8] [] [2 0 14 24 45 3 26] [17 35 10 24 5 10] [33 9 20 50 1 23]] [[38 15 13 37] [15 8] [] [2 1 14 24 45 3 26] [17 35 10 24 5 10] [33 9 20 50 1 23]] [[38 15 13 37] [15 8] [] [2 2 14 24 45 3 26] [17 35 10 24 5 10] [33 9 20 50 1 23]] [[38 15 13 37] [15 8] [] [2 4 14 24 45 3 26] [17 35 10 24 5 10] [33 9 20 50 1 23]] [[38 15 13 37] [15 8] [] [2 8 14 24 45 3 26] [17 35 10 24 5 10] [33 9 20 50 1 23]] [[38 15 13 37] [15 8] [] [2 16 14 24 45 3 26] [17 35 10 24 5 10] [33 9 20 50 1 23]] [[38 15 13 37] [15 8] [] [2 26 14 24 45 3 26] [17 35 10 24 5 10] [33 9 20 50 1 23]] [[38 15 13 37] [15 8] [] [2 27 0 24 45 3 26] [17 35 10 24 5 10] [33 9 20 50 1 23]] [[38 15 13 37] [15 8] [] [2 27 1 24 45 3 26] [17 35 10 24 5 10] [33 9 20 50 1 23]] [[38 15 13 37] [15 8] [] [2 27 2 24 45 3 26] [17 35 10 24 5 10] [33 9 20 50 1 23]] [[38 15 13 37] [15 8] [] [2 27 4 24 45 3 26] [17 35 10 24 5 10] [33 9 20 50 1 23]] [[38 15 13 37] [15 8] [] [2 27 8 24 45 3 26] [17 35 10 24 5 10] [33 9 20 50 1 23]] [[38 15 13 37] [15 8] [] [2 27 13 24 45 3 26] [17 35 10 24 5 10] [33 9 20 50 1 23]] [[38 15 13 37] [15 8] [] [2 27 14 0 45 3 26] [17 35 10 24 5 10] [33 9 20 50 1 23]] [[38 15 13 37] [15 8] [] [2 27 14 1 45 3 26] [17 35 10 24 5 10] [33 9 20 50 1 23]] [[38 15 13 37] [15 8] [] [2 27 14 2 45 3 26] [17 35 10 24 5 10] [33 9 20 50 1 23]] [[38 15 13 37] [15 8] [] [2 27 14 4 45 3 26] [17 35 10 24 5 10] [33 9 20 50 1 23]] [[38 15 13 37] [15 8] [] [2 27 14 8 45 3 26] [17 35 10 24 5 10] [33 9 20 50 1 23]] [[38 15 13 37] [15 8] [] [2 27 14 16 45 3 26] [17 35 10 24 5 10] [33 9 20 50 1 23]] [[38 15 13 37] [15 8] [] [2 27 14 23 45 3 26] [17 35 10 24 5 10] [33 9 20 50 1 23]] [[38 15 13 37] [15 8] [] [2 27 14 24 0 3 26] [17 35 10 24 5 10] [33 9 20 50 1 23]] [[38 15 13 37] [15 8] [] [2 27 14 24 1 3 26] [17 35 10 24 5 10] [33 9 20 50 1 23]] [[38 15 13 37] [15 8] [] [2 27 14 24 2 3 26] [17 35 10 24 5 10] [33 9 20 50 1 23]] [[38 15 13 37] [15 8] [] [2 27 14 24 4 3 26] [17 35 10 24 5 10] [33 9 20 50 1 23]] [[38 15 13 37] [15 8] [] [2 27 14 24 8 3 26] [17 35 10 24 5 10] [33 9 20 50 1 23]] [[38 15 13 37] [15 8] [] [2 27 14 24 16 3 26] [17 35 10 24 5 10] [33 9 20 50 1 23]] [[38 15 13 37] [15 8] [] [2 27 14 24 32 3 26] [17 35 10 24 5 10] [33 9 20 50 1 23]] [[38 15 13 37] [15 8] [] [2 27 14 24 44 3 26] [17 35 10 24 5 10] [33 9 20 50 1 23]] [[38 15 13 37] [15 8] [] [2 27 14 24 45 0 26] [17 35 10 24 5 10] [33 9 20 50 1 23]] [[38 15 13 37] [15 8] [] [2 27 14 24 45 1 26] [17 35 10 24 5 10] [33 9 20 50 1 23]] [[38 15 13 37] [15 8] [] [2 27 14 24 45 2 26] [17 35 10 24 5 10] [33 9 20 50 1 23]] [[38 15 13 37] [15 8] [] [2 27 14 24 45 3 0] [17 35 10 24 5 10] [33 9 20 50 1 23]] [[38 15 13 37] [15 8] [] [2 27 14 24 45 3 1] [17 35 10 24 5 10] [33 9 20 50 1 23]] [[38 15 13 37] [15 8] [] [2 27 14 24 45 3 2] [17 35 10 24 5 10] [33 9 20 50 1 23]] [[38 15 13 37] [15 8] [] [2 27 14 24 45 3 4] [17 35 10 24 5 10] [33 9 20 50 1 23]] [[38 15 13 37] [15 8] [] [2 27 14 24 45 3 8] [17 35 10 24 5 10] [33 9 20 50 1 23]] [[38 15 13 37] [15 8] [] [2 27 14 24 45 3 16] [17 35 10 24 5 10] [33 9 20 50 1 23]] [[38 15 13 37] [15 8] [] [2 27 14 24 45 3 25] [17 35 10 24 5 10] [33 9 20 50 1 23]] [[38 15 13 37] [15 8] [] [2 27 14 24 45 3 26] [] [33 9 20 50 1 23]] [[38 15 13 37] [15 8] [] [2 27 14 24 45 3 26] [17] [33 9 20 50 1 23]] [[38 15 13 37] [15 8] [] [2 27 14 24 45 3 26] [17 35] [33 9 20 50 1 23]] [[38 15 13 37] [15 8] [] [2 27 14 24 45 3 26] [17 35 10 24] [33 9 20 50 1 23]] [[38 15 13 37] [15 8] [] [2 27 14 24 45 3 26] [17 35 10 24 5] [33 9 20 50 1 23]] [[38 15 13 37] [15 8] [] [2 27 14 24 45 3 26] [0 35 10 24 5 10] [33 9 20 50 1 23]] [[38 15 13 37] [15 8] [] [2 27 14 24 45 3 26] [1 35 10 24 5 10] [33 9 20 50 1 23]] [[38 15 13 37] [15 8] [] [2 27 14 24 45 3 26] [2 35 10 24 5 10] [33 9 20 50 1 23]] [[38 15 13 37] [15 8] [] [2 27 14 24 45 3 26] [4 35 10 24 5 10] [33 9 20 50 1 23]] [[38 15 13 37] [15 8] [] [2 27 14 24 45 3 26] [8 35 10 24 5 10] [33 9 20 50 1 23]] [[38 15 13 37] [15 8] [] [2 27 14 24 45 3 26] [16 35 10 24 5 10] [33 9 20 50 1 23]] [[38 15 13 37] [15 8] [] [2 27 14 24 45 3 26] [17 0 10 24 5 10] [33 9 20 50 1 23]] [[38 15 13 37] [15 8] [] [2 27 14 24 45 3 26] [17 1 10 24 5 10] [33 9 20 50 1 23]] [[38 15 13 37] [15 8] [] [2 27 14 24 45 3 26] [17 2 10 24 5 10] [33 9 20 50 1 23]] [[38 15 13 37] [15 8] [] [2 27 14 24 45 3 26] [17 4 10 24 5 10] [33 9 20 50 1 23]] [[38 15 13 37] [15 8] [] [2 27 14 24 45 3 26] [17 8 10 24 5 10] [33 9 20 50 1 23]] [[38 15 13 37] [15 8] [] [2 27 14 24 45 3 26] [17 16 10 24 5 10] [33 9 20 50 1 23]] [[38 15 13 37] [15 8] [] [2 27 14 24 45 3 26] [17 32 10 24 5 10] [33 9 20 50 1 23]] [[38 15 13 37] [15 8] [] [2 27 14 24 45 3 26] [17 34 10 24 5 10] [33 9 20 50 1 23]] [[38 15 13 37] [15 8] [] [2 27 14 24 45 3 26] [17 35 0 24 5 10] [33 9 20 50 1 23]] [[38 15 13 37] [15 8] [] [2 27 14 24 45 3 26] [17 35 1 24 5 10] [33 9 20 50 1 23]] [[38 15 13 37] [15 8] [] [2 27 14 24 45 3 26] [17 35 2 24 5 10] [33 9 20 50 1 23]] [[38 15 13 37] [15 8] [] [2 27 14 24 45 3 26] [17 35 4 24 5 10] [33 9 20 50 1 23]] [[38 15 13 37] [15 8] [] [2 27 14 24 45 3 26] [17 35 8 24 5 10] [33 9 20 50 1 23]] [[38 15 13 37] [15 8] [] [2 27 14 24 45 3 26] [17 35 9 24 5 10] [33 9 20 50 1 23]] [[38 15 13 37] [15 8] [] [2 27 14 24 45 3 26] [17 35 10 0 5 10] [33 9 20 50 1 23]] [[38 15 13 37] [15 8] [] [2 27 14 24 45 3 26] [17 35 10 1 5 10] [33 9 20 50 1 23]] [[38 15 13 37] [15 8] [] [2 27 14 24 45 3 26] [17 35 10 2 5 10] [33 9 20 50 1 23]] [[38 15 13 37] [15 8] [] [2 27 14 24 45 3 26] [17 35 10 4 5 10] [33 9 20 50 1 23]] [[38 15 13 37] [15 8] [] [2 27 14 24 45 3 26] [17 35 10 8 5 10] [33 9 20 50 1 23]] [[38 15 13 37] [15 8] [] [2 27 14 24 45 3 26] [17 35 10 16 5 10] [33 9 20 50 1 23]] [[38 15 13 37] [15 8] [] [2 27 14 24 45 3 26] [17 35 10 23 5 10] [33 9 20 50 1 23]] [[38 15 13 37] [15 8] [] [2 27 14 24 45 3 26] [17 35 10 24 0 10] [33 9 20 50 1 23]] [[38 15 13 37] [15 8] [] [2 27 14 24 45 3 26] [17 35 10 24 1 10] [33 9 20 50 1 23]] [[38 15 13 37] [15 8] [] [2 27 14 24 45 3 26] [17 35 10 24 2 10] [33 9 20 50 1 23]] [[38 15 13 37] [15 8] [] [2 27 14 24 45 3 26] [17 35 10 24 4 10] [33 9 20 50 1 23]] [[38 15 13 37] [15 8] [] [2 27 14 24 45 3 26] [17 35 10 24 5 0] [33 9 20 50 1 23]] [[38 15 13 37] [15 8] [] [2 27 14 24 45 3 26] [17 35 10 24 5 1] [33 9 20 50 1 23]] [[38 15 13 37] [15 8] [] [2 27 14 24 45 3 26] [17 35 10 24 5 2] [33 9 20 50 1 23]] [[38 15 13 37] [15 8] [] [2 27 14 24 45 3 26] [17 35 10 24 5 4] [33 9 20 50 1 23]] [[38 15 13 37] [15 8] [] [2 27 14 24 45 3 26] [17 35 10 24 5 8] [33 9 20 50 1 23]] [[38 15 13 37] [15 8] [] [2 27 14 24 45 3 26] [17 35 10 24 5 9] [33 9 20 50 1 23]] [[38 15 13 37] [15 8] [] [2 27 14 24 45 3 26] [17 35 10 24 5 10] []] [[38 15 13 37] [15 8] [] [2 27 14 24 45 3 26] [17 35 10 24 5 10] [33]] [[38 15 13 37] [15 8] [] [2 27 14 24 45 3 26] [17 35 10 24 5 10] [33 9]] [[38 15 13 37] [15 8] [] [2 27 14 24 45 3 26] [17 35 10 24 5 10] [33 9 20 50]] [[38 15 13 37] [15 8] [] [2 27 14 24 45 3 26] [17 35 10 24 5 10] [33 9 20 50 1]] [[38 15 13 37] [15 8] [] [2 27 14 24 45 3 26] [17 35 10 24 5 10] [0 9 20 50 1 23]] [[38 15 13 37] [15 8] [] [2 27 14 24 45 3 26] [17 35 10 24 5 10] [1 9 20 50 1 23]] [[38 15 13 37] [15 8] [] [2 27 14 24 45 3 26] [17 35 10 24 5 10] [2 9 20 50 1 23]] [[38 15 13 37] [15 8] [] [2 27 14 24 45 3 26] [17 35 10 24 5 10] [4 9 20 50 1 23]] [[38 15 13 37] [15 8] [] [2 27 14 24 45 3 26] [17 35 10 24 5 10] [8 9 20 50 1 23]] [[38 15 13 37] [15 8] [] [2 27 14 24 45 3 26] [17 35 10 24 5 10] [16 9 20 50 1 23]] [[38 15 13 37] [15 8] [] [2 27 14 24 45 3 26] [17 35 10 24 5 10] [32 9 20 50 1 23]] [[38 15 13 37] [15 8] [] [2 27 14 24 45 3 26] [17 35 10 24 5 10] [33 0 20 50 1 23]] [[38 15 13 37] [15 8] [] [2 27 14 24 45 3 26] [17 35 10 24 5 10] [33 1 20 50 1 23]] [[38 15 13 37] [15 8] [] [2 27 14 24 45 3 26] [17 35 10 24 5 10] [33 2 20 50 1 23]] [[38 15 13 37] [15 8] [] [2 27 14 24 45 3 26] [17 35 10 24 5 10] [33 4 20 50 1 23]] [[38 15 13 37] [15 8] [] [2 27 14 24 45 3 26] [17 35 10 24 5 10] [33 8 20 50 1 23]] [[38 15 13 37] [15 8] [] [2 27 14 24 45 3 26] [17 35 10 24 5 10] [33 9 0 50 1 23]] [[38 15 13 37] [15 8] [] [2 27 14 24 45 3 26] [17 35 10 24 5 10] [33 9 1 50 1 23]] [[38 15 13 37] [15 8] [] [2 27 14 24 45 3 26] [17 35 10 24 5 10] [33 9 2 50 1 23]] [[38 15 13 37] [15 8] [] [2 27 14 24 45 3 26] [17 35 10 24 5 10] [33 9 4 50 1 23]] [[38 15 13 37] [15 8] [] [2 27 14 24 45 3 26] [17 35 10 24 5 10] [33 9 8 50 1 23]] [[38 15 13 37] [15 8] [] [2 27 14 24 45 3 26] [17 35 10 24 5 10] [33 9 16 50 1 23]] [[38 15 13 37] [15 8] [] [2 27 14 24 45 3 26] [17 35 10 24 5 10] [33 9 19 50 1 23]] [[38 15 13 37] [15 8] [] [2 27 14 24 45 3 26] [17 35 10 24 5 10] [33 9 20 0 1 23]] [[38 15 13 37] [15 8] [] [2 27 14 24 45 3 26] [17 35 10 24 5 10] [33 9 20 1 1 23]] [[38 15 13 37] [15 8] [] [2 27 14 24 45 3 26] [17 35 10 24 5 10] [33 9 20 2 1 23]] [[38 15 13 37] [15 8] [] [2 27 14 24 45 3 26] [17 35 10 24 5 10] [33 9 20 4 1 23]] [[38 15 13 37] [15 8] [] [2 27 14 24 45 3 26] [17 35 10 24 5 10] [33 9 20 8 1 23]] [[38 15 13 37] [15 8] [] [2 27 14 24 45 3 26] [17 35 10 24 5 10] [33 9 20 16 1 23]] [[38 15 13 37] [15 8] [] [2 27 14 24 45 3 26] [17 35 10 24 5 10] [33 9 20 32 1 23]] [[38 15 13 37] [15 8] [] [2 27 14 24 45 3 26] [17 35 10 24 5 10] [33 9 20 49 1 23]] [[38 15 13 37] [15 8] [] [2 27 14 24 45 3 26] [17 35 10 24 5 10] [33 9 20 50 0 23]] [[38 15 13 37] [15 8] [] [2 27 14 24 45 3 26] [17 35 10 24 5 10] [33 9 20 50 1 0]] [[38 15 13 37] [15 8] [] [2 27 14 24 45 3 26] [17 35 10 24 5 10] [33 9 20 50 1 1]] [[38 15 13 37] [15 8] [] [2 27 14 24 45 3 26] [17 35 10 24 5 10] [33 9 20 50 1 2]] [[38 15 13 37] [15 8] [] [2 27 14 24 45 3 26] [17 35 10 24 5 10] [33 9 20 50 1 4]] [[38 15 13 37] [15 8] [] [2 27 14 24 45 3 26] [17 35 10 24 5 10] [33 9 20 50 1 8]] [[38 15 13 37] [15 8] [] [2 27 14 24 45 3 26] [17 35 10 24 5 10] [33 9 20 50 1 16]] [[38 15 13 37] [15 8] [] [2 27 14 24 45 3 26] [17 35 10 24 5 10] [33 9 20 50 1 22]]
Counter example: [[0 0 1 2] [3 4]]
Counter example (crunch): [[38 0 1] [2 3]]


